Product: MDK-ARM Standard 5.10
Component: ARM Compiler 5.04 update 1 (build 49)
Tool: armlink [5040049]

==============================================================================

Section Cross References

    system_stm32f10x.o(i.SetSysClock) refers to system_stm32f10x.o(i.SetSysClockTo72) for SetSysClockTo72
    system_stm32f10x.o(i.SystemCoreClockUpdate) refers to system_stm32f10x.o(.data) for SystemCoreClock
    system_stm32f10x.o(i.SystemInit) refers to system_stm32f10x.o(i.SetSysClock) for SetSysClock
    stm32f10x_adc.o(i.ADC_DeInit) refers to stm32f10x_rcc.o(i.RCC_APB2PeriphResetCmd) for RCC_APB2PeriphResetCmd
    stm32f10x_bkp.o(i.BKP_DeInit) refers to stm32f10x_rcc.o(i.RCC_BackupResetCmd) for RCC_BackupResetCmd
    stm32f10x_can.o(i.CAN_DeInit) refers to stm32f10x_rcc.o(i.RCC_APB1PeriphResetCmd) for RCC_APB1PeriphResetCmd
    stm32f10x_can.o(i.CAN_GetITStatus) refers to stm32f10x_can.o(i.CheckITStatus) for CheckITStatus
    stm32f10x_cec.o(i.CEC_DeInit) refers to stm32f10x_rcc.o(i.RCC_APB1PeriphResetCmd) for RCC_APB1PeriphResetCmd
    stm32f10x_dac.o(i.DAC_DeInit) refers to stm32f10x_rcc.o(i.RCC_APB1PeriphResetCmd) for RCC_APB1PeriphResetCmd
    stm32f10x_flash.o(i.FLASH_EnableWriteProtection) refers to stm32f10x_flash.o(i.FLASH_WaitForLastOperation) for FLASH_WaitForLastOperation
    stm32f10x_flash.o(i.FLASH_EraseAllBank1Pages) refers to stm32f10x_flash.o(i.FLASH_WaitForLastBank1Operation) for FLASH_WaitForLastBank1Operation
    stm32f10x_flash.o(i.FLASH_EraseAllPages) refers to stm32f10x_flash.o(i.FLASH_WaitForLastOperation) for FLASH_WaitForLastOperation
    stm32f10x_flash.o(i.FLASH_EraseOptionBytes) refers to stm32f10x_flash.o(i.FLASH_GetReadOutProtectionStatus) for FLASH_GetReadOutProtectionStatus
    stm32f10x_flash.o(i.FLASH_EraseOptionBytes) refers to stm32f10x_flash.o(i.FLASH_WaitForLastOperation) for FLASH_WaitForLastOperation
    stm32f10x_flash.o(i.FLASH_ErasePage) refers to stm32f10x_flash.o(i.FLASH_WaitForLastOperation) for FLASH_WaitForLastOperation
    stm32f10x_flash.o(i.FLASH_ProgramHalfWord) refers to stm32f10x_flash.o(i.FLASH_WaitForLastOperation) for FLASH_WaitForLastOperation
    stm32f10x_flash.o(i.FLASH_ProgramOptionByteData) refers to stm32f10x_flash.o(i.FLASH_WaitForLastOperation) for FLASH_WaitForLastOperation
    stm32f10x_flash.o(i.FLASH_ProgramWord) refers to stm32f10x_flash.o(i.FLASH_WaitForLastOperation) for FLASH_WaitForLastOperation
    stm32f10x_flash.o(i.FLASH_ReadOutProtection) refers to stm32f10x_flash.o(i.FLASH_WaitForLastOperation) for FLASH_WaitForLastOperation
    stm32f10x_flash.o(i.FLASH_UserOptionByteConfig) refers to stm32f10x_flash.o(i.FLASH_WaitForLastOperation) for FLASH_WaitForLastOperation
    stm32f10x_flash.o(i.FLASH_WaitForLastBank1Operation) refers to stm32f10x_flash.o(i.FLASH_GetBank1Status) for FLASH_GetBank1Status
    stm32f10x_flash.o(i.FLASH_WaitForLastOperation) refers to stm32f10x_flash.o(i.FLASH_GetBank1Status) for FLASH_GetBank1Status
    stm32f10x_gpio.o(i.GPIO_AFIODeInit) refers to stm32f10x_rcc.o(i.RCC_APB2PeriphResetCmd) for RCC_APB2PeriphResetCmd
    stm32f10x_gpio.o(i.GPIO_DeInit) refers to stm32f10x_rcc.o(i.RCC_APB2PeriphResetCmd) for RCC_APB2PeriphResetCmd
    stm32f10x_i2c.o(i.I2C_DeInit) refers to stm32f10x_rcc.o(i.RCC_APB1PeriphResetCmd) for RCC_APB1PeriphResetCmd
    stm32f10x_i2c.o(i.I2C_Init) refers to stm32f10x_rcc.o(i.RCC_GetClocksFreq) for RCC_GetClocksFreq
    stm32f10x_pwr.o(i.PWR_DeInit) refers to stm32f10x_rcc.o(i.RCC_APB1PeriphResetCmd) for RCC_APB1PeriphResetCmd
    stm32f10x_rcc.o(i.RCC_GetClocksFreq) refers to stm32f10x_rcc.o(.data) for APBAHBPrescTable
    stm32f10x_rcc.o(i.RCC_WaitForHSEStartUp) refers to stm32f10x_rcc.o(i.RCC_GetFlagStatus) for RCC_GetFlagStatus
    stm32f10x_rtc.o(i.RTC_SetAlarm) refers to stm32f10x_rtc.o(i.RTC_EnterConfigMode) for RTC_EnterConfigMode
    stm32f10x_rtc.o(i.RTC_SetAlarm) refers to stm32f10x_rtc.o(i.RTC_ExitConfigMode) for RTC_ExitConfigMode
    stm32f10x_rtc.o(i.RTC_SetCounter) refers to stm32f10x_rtc.o(i.RTC_EnterConfigMode) for RTC_EnterConfigMode
    stm32f10x_rtc.o(i.RTC_SetCounter) refers to stm32f10x_rtc.o(i.RTC_ExitConfigMode) for RTC_ExitConfigMode
    stm32f10x_rtc.o(i.RTC_SetPrescaler) refers to stm32f10x_rtc.o(i.RTC_EnterConfigMode) for RTC_EnterConfigMode
    stm32f10x_rtc.o(i.RTC_SetPrescaler) refers to stm32f10x_rtc.o(i.RTC_ExitConfigMode) for RTC_ExitConfigMode
    stm32f10x_spi.o(i.I2S_Init) refers to stm32f10x_rcc.o(i.RCC_GetClocksFreq) for RCC_GetClocksFreq
    stm32f10x_spi.o(i.SPI_I2S_DeInit) refers to stm32f10x_rcc.o(i.RCC_APB2PeriphResetCmd) for RCC_APB2PeriphResetCmd
    stm32f10x_spi.o(i.SPI_I2S_DeInit) refers to stm32f10x_rcc.o(i.RCC_APB1PeriphResetCmd) for RCC_APB1PeriphResetCmd
    stm32f10x_tim.o(i.TIM_DeInit) refers to stm32f10x_rcc.o(i.RCC_APB2PeriphResetCmd) for RCC_APB2PeriphResetCmd
    stm32f10x_tim.o(i.TIM_DeInit) refers to stm32f10x_rcc.o(i.RCC_APB1PeriphResetCmd) for RCC_APB1PeriphResetCmd
[...]
    i.Sensors_I2C_Write                      0x08002740   Section        0  i2c.o(i.Sensors_I2C_Write)
    i.SetSysClock                            0x0800275a   Section        0  system_stm32f10x.o(i.SetSysClock)
    SetSysClock                              0x0800275b   Thumb Code     8  system_stm32f10x.o(i.SetSysClock)
    i.SetSysClockTo72                        0x08002764   Section        0  system_stm32f10x.o(i.SetSysClockTo72)
    SetSysClockTo72                          0x08002765   Thumb Code   214  system_stm32f10x.o(i.SetSysClockTo72)
    i.SysTick_Handler                        0x08002844   Section        0  stm32f10x_it.o(i.SysTick_Handler)
    i.SysTick_Init                           0x080028b0   Section        0  timer.o(i.SysTick_Init)
    i.Sys_Reset                              0x08002918   Section        0  head.o(i.Sys_Reset)
    i.SystemInit                             0x08002948   Section        0  system_stm32f10x.o(i.SystemInit)
    i.TI1_Config                             0x080029a8   Section        0  stm32f10x_tim.o(i.TI1_Config)
    TI1_Config                               0x080029a9   Thumb Code   108  stm32f10x_tim.o(i.TI1_Config)
    i.TI2_Config                             0x08002a28   Section        0  stm32f10x_tim.o(i.TI2_Config)
    TI2_Config                               0x08002a29   Thumb Code   130  stm32f10x_tim.o(i.TI2_Config)
    i.TI3_Config                             0x08002ac0   Section        0  stm32f10x_tim.o(i.TI3_Config)
    TI3_Config                               0x08002ac1   Thumb Code   122  stm32f10x_tim.o(i.TI3_Config)
    i.TI4_Config                             0x08002b50   Section        0  stm32f10x_tim.o(i.TI4_Config)
    TI4_Config                               0x08002b51   Thumb Code   130  stm32f10x_tim.o(i.TI4_Config)
    i.TIM1_UP_IRQHandler                     0x08002be8   Section        0  timer.o(i.TIM1_UP_IRQHandler)
    i.TIM2_IRQHandler                        0x08002c08   Section        0  timer.o(i.TIM2_IRQHandler)
    i.TIM4_IRQHandler                        0x08002c20   Section        0  timer.o(i.TIM4_IRQHandler)
    i.TIM_ARRPreloadConfig                   0x08002c3c   Section        0  stm32f10x_tim.o(i.TIM_ARRPreloadConfig)
    i.TIM_ClearFlag                          0x08002c54   Section        0  stm32f10x_tim.o(i.TIM_ClearFlag)
    i.TIM_ClearITPendingBit                  0x08002c5a   Section        0  stm32f10x_tim.o(i.TIM_ClearITPendingBit)
    i.TIM_Cmd                                0x08002c60   Section        0  stm32f10x_tim.o(i.TIM_Cmd)
    i.TIM_EncoderInterfaceConfig             0x08002c78   Section        0  stm32f10x_tim.o(i.TIM_EncoderInterfaceConfig)
    i.TIM_GetCounter                         0x08002cba   Section        0  stm32f10x_tim.o(i.TIM_GetCounter)
    i.TIM_GetITStatus                        0x08002cc0   Section        0  stm32f10x_tim.o(i.TIM_GetITStatus)
    i.TIM_ICInit                             0x08002ce4   Section        0  stm32f10x_tim.o(i.TIM_ICInit)
    i.TIM_ICStructInit                       0x08002d90   Section        0  stm32f10x_tim.o(i.TIM_ICStructInit)
    i.TIM_ITConfig                           0x08002da2   Section        0  stm32f10x_tim.o(i.TIM_ITConfig)
    i.TIM_OC1Init                            0x08002db4   Section        0  stm32f10x_tim.o(i.TIM_OC1Init)
    i.TIM_OC1PreloadConfig                   0x08002e4c   Section        0  stm32f10x_tim.o(i.TIM_OC1PreloadConfig)
    i.TIM_OC2Init                            0x08002e60   Section        0  stm32f10x_tim.o(i.TIM_OC2Init)
    i.TIM_OC2PreloadConfig                   0x08002f04   Section        0  stm32f10x_tim.o(i.TIM_OC2PreloadConfig)
    i.TIM_OC3Init                            0x08002f20   Section        0  stm32f10x_tim.o(i.TIM_OC3Init)
    i.TIM_OC3PreloadConfig                   0x08002fc0   Section        0  stm32f10x_tim.o(i.TIM_OC3PreloadConfig)
    i.TIM_OC4Init                            0x08002fd4   Section        0  stm32f10x_tim.o(i.TIM_OC4Init)
    i.TIM_OC4PreloadConfig                   0x08003050   Section        0  stm32f10x_tim.o(i.TIM_OC4PreloadConfig)
    i.TIM_SetCompare1                        0x0800306a   Section        0  stm32f10x_tim.o(i.TIM_SetCompare1)
    i.TIM_SetCompare2                        0x0800306e   Section        0  stm32f10x_tim.o(i.TIM_SetCompare2)
    i.TIM_SetCompare3                        0x08003072   Section        0  stm32f10x_tim.o(i.TIM_SetCompare3)
    i.TIM_SetCompare4                        0x08003076   Section        0  stm32f10x_tim.o(i.TIM_SetCompare4)
    i.TIM_SetCounter                         0x0800307c   Section        0  stm32f10x_tim.o(i.TIM_SetCounter)
    i.TIM_SetIC1Prescaler                    0x08003080   Section        0  stm32f10x_tim.o(i.TIM_SetIC1Prescaler)
    i.TIM_SetIC2Prescaler                    0x08003092   Section        0  stm32f10x_tim.o(i.TIM_SetIC2Prescaler)
    i.TIM_SetIC3Prescaler                    0x080030ac   Section        0  stm32f10x_tim.o(i.TIM_SetIC3Prescaler)
    i.TIM_SetIC4Prescaler                    0x080030be   Section        0  stm32f10x_tim.o(i.TIM_SetIC4Prescaler)
    i.TIM_TimeBaseInit                       0x080030d8   Section        0  stm32f10x_tim.o(i.TIM_TimeBaseInit)
    i.TIM_TimeBaseStructInit                 0x0800317c   Section        0  stm32f10x_tim.o(i.TIM_TimeBaseStructInit)
    i.Timer1_Init                            0x08003190   Section        0  timer.o(i.Timer1_Init)
    i.Timer2_Init_EncoderA                   0x080031f0   Section        0  timer.o(i.Timer2_Init_EncoderA)
    i.Timer3_Init_PWM                        0x08003290   Section        0  timer.o(i.Timer3_Init_PWM)
    i.Timer4_Init_EncoderB                   0x08003360   Section        0  timer.o(i.Timer4_Init_EncoderB)
    i.Timer_getSystemTick                    0x080033fc   Section        0  timer.o(i.Timer_getSystemTick)
    i.USART1_IRQHandler                      0x08003408   Section        0  uart.o(i.USART1_IRQHandler)
    i.USART_Cmd                              0x0800342c   Section        0  stm32f10x_usart.o(i.USART_Cmd)
    i.USART_GetFlagStatus                    0x08003444   Section        0  stm32f10x_usart.o(i.USART_GetFlagStatus)
    i.USART_GetITStatus                      0x0800345e   Section        0  stm32f10x_usart.o(i.USART_GetITStatus)
    i.USART_ITConfig                         0x080034b2   Section        0  stm32f10x_usart.o(i.USART_ITConfig)
    i.USART_Init                             0x080034fc   Section        0  stm32f10x_usart.o(i.USART_Init)
    i.USART_ReceiveData                      0x080035d4   Section        0  stm32f10x_usart.o(i.USART_ReceiveData)
    i.USART_SendData                         0x080035de   Section        0  stm32f10x_usart.o(i.USART_SendData)
    i.Uart1_init                             0x080035e8   Section        0  uart.o(i.Uart1_init)
    i.UsageFault_Handler                     0x080036b8   Section        0  stm32f10x_it.o(i.UsageFault_Handler)
    i.__0printf                              0x080036bc   Section        0  printfa.o(i.__0printf)
    i.__ARM_fpclassify                       0x080036dc   Section        0  fpclassify.o(i.__ARM_fpclassify)
    i.__kernel_poly                          0x08003704   Section        0  poly.o(i.__kernel_poly)
    i.__mathlib_dbl_underflow                0x080037b0   Section        0  dunder.o(i.__mathlib_dbl_underflow)
    i.__scatterload_copy                     0x080037c0   Section       14  handlers.o(i.__scatterload_copy)
    i.__scatterload_null                     0x080037ce   Section        2  handlers.o(i.__scatterload_null)
    i.__scatterload_zeroinit                 0x080037d0   Section       14  handlers.o(i.__scatterload_zeroinit)
    i.__set_errno                            0x080037e0   Section        0  errno.o(i.__set_errno)
    i._fp_digits                             0x080037ec   Section        0  printfa.o(i._fp_digits)
    _fp_digits                               0x080037ed   Thumb Code   334  printfa.o(i._fp_digits)
    i._printf_core                           0x08003950   Section        0  printfa.o(i._printf_core)
    _printf_core                             0x08003951   Thumb Code  1744  printfa.o(i._printf_core)
    i._printf_post_padding                   0x0800402c   Section        0  printfa.o(i._printf_post_padding)
    _printf_post_padding                     0x0800402d   Thumb Code    36  printfa.o(i._printf_post_padding)
    i._printf_pre_padding                    0x08004050   Section        0  printfa.o(i._printf_pre_padding)
    _printf_pre_padding                      0x08004051   Thumb Code    46  printfa.o(i._printf_pre_padding)
    i.arcsin_safe                            0x08004080   Section        0  mpu_rotation.o(i.arcsin_safe)
    i.asin                                   0x080040d8   Section        0  asin.o(i.asin)
    i.atan                                   0x08004354   Section        0  atan.o(i.atan)
    i.atan2                                  0x08004578   Section        0  atan2.o(i.atan2)
    i.blink                                  0x080046f8   Section        0  led.o(i.blink)
    i.decode_gesture                         0x0800472c   Section        0  inv_mpu_dmp_motion_driver.o(i.decode_gesture)
    decode_gesture                           0x0800472d   Thumb Code    94  inv_mpu_dmp_motion_driver.o(i.decode_gesture)
    i.delay                                  0x08004790   Section        0  delay.o(i.delay)
    i.delay_1us                              0x080047a6   Section        0  delay.o(i.delay_1us)
    i.delay_i2c                              0x08004838   Section        0  delay.o(i.delay_i2c)
    i.dmp_enable_6x_lp_quat                  0x08004848   Section        0  inv_mpu_dmp_motion_driver.o(i.dmp_enable_6x_lp_quat)
    i.dmp_enable_feature                     0x08004884   Section        0  inv_mpu_dmp_motion_driver.o(i.dmp_enable_feature)
    i.dmp_enable_gyro_cal                    0x08004aa0   Section        0  inv_mpu_dmp_motion_driver.o(i.dmp_enable_gyro_cal)
    i.dmp_enable_lp_quat                     0x08004af8   Section        0  inv_mpu_dmp_motion_driver.o(i.dmp_enable_lp_quat)
    i.dmp_get_data                           0x08004b34   Section        0  mpu_dmp_rotation.o(i.dmp_get_data)
    i.dmp_load_motion_driver_firmware        0x08004e14   Section        0  inv_mpu_dmp_motion_driver.o(i.dmp_load_motion_driver_firmware)
    i.dmp_read_fifo                          0x08004e2c   Section        0  inv_mpu_dmp_motion_driver.o(i.dmp_read_fifo)
    i.dmp_set_fifo_rate                      0x08004ff8   Section        0  inv_mpu_dmp_motion_driver.o(i.dmp_set_fifo_rate)
    i.dmp_set_orientation                    0x08005068   Section        0  inv_mpu_dmp_motion_driver.o(i.dmp_set_orientation)
    i.dmp_set_shake_reject_thresh            0x080051a0   Section        0  inv_mpu_dmp_motion_driver.o(i.dmp_set_shake_reject_thresh)
    i.dmp_set_shake_reject_time              0x080051d8   Section        0  inv_mpu_dmp_motion_driver.o(i.dmp_set_shake_reject_time)
    i.dmp_set_shake_reject_timeout           0x080051fe   Section        0  inv_mpu_dmp_motion_driver.o(i.dmp_set_shake_reject_timeout)
    i.dmp_set_tap_axes                       0x08005224   Section        0  inv_mpu_dmp_motion_driver.o(i.dmp_set_tap_axes)
    i.dmp_set_tap_count                      0x0800526a   Section        0  inv_mpu_dmp_motion_driver.o(i.dmp_set_tap_count)
    i.dmp_set_tap_thresh                     0x08005290   Section        0  inv_mpu_dmp_motion_driver.o(i.dmp_set_tap_thresh)
    i.dmp_set_tap_time                       0x08005430   Section        0  inv_mpu_dmp_motion_driver.o(i.dmp_set_tap_time)
    i.dmp_set_tap_time_multi                 0x08005456   Section        0  inv_mpu_dmp_motion_driver.o(i.dmp_set_tap_time_multi)
    i.fputc                                  0x0800547c   Section        0  head.o(i.fputc)
    i.get_tick                               0x080054b4   Section        0  timer.o(i.get_tick)
    i.inv_orientation_matrix_to_scalar       0x080054c0   Section        0  ml_math_func.o(i.inv_orientation_matrix_to_scalar)
    i.inv_row_2_scale                        0x080054e8   Section        0  ml_math_func.o(i.inv_row_2_scale)
    inv_row_2_scale                          0x080054e9   Thumb Code    78  ml_math_func.o(i.inv_row_2_scale)
    i.main                                   0x08005538   Section        0  main.o(i.main)
    i.mdelay                                 0x080055e0   Section        0  delay.o(i.mdelay)
    i.mpu_configure_fifo                     0x080055ec   Section        0  inv_mpu.o(i.mpu_configure_fifo)
    i.mpu_get_accel_fsr                      0x0800565c   Section        0  inv_mpu.o(i.mpu_get_accel_fsr)
    i.mpu_init                               0x080056a8   Section        0  inv_mpu.o(i.mpu_init)
    i.mpu_load_firmware                      0x080057a4   Section        0  inv_mpu.o(i.mpu_load_firmware)
    i.mpu_lp_accel_mode                      0x0800585c   Section        0  inv_mpu.o(i.mpu_lp_accel_mode)
    i.mpu_read_fifo_stream                   0x0800593c   Section        0  inv_mpu.o(i.mpu_read_fifo_stream)
    i.mpu_read_mem                           0x080059fc   Section        0  inv_mpu.o(i.mpu_read_mem)
    i.mpu_reset_fifo                         0x08005a7c   Section        0  inv_mpu.o(i.mpu_reset_fifo)
    i.mpu_set_accel_fsr                      0x08005c44   Section        0  inv_mpu.o(i.mpu_set_accel_fsr)
    i.mpu_set_bypass                         0x08005cc8   Section        0  inv_mpu.o(i.mpu_set_bypass)
    i.mpu_set_dmp_state                      0x08005e14   Section        0  inv_mpu.o(i.mpu_set_dmp_state)
    i.mpu_set_gyro_fsr                       0x08005ea4   Section        0  inv_mpu.o(i.mpu_set_gyro_fsr)
    i.mpu_set_int_latched                    0x08005f2c   Section        0  inv_mpu.o(i.mpu_set_int_latched)
    i.mpu_set_lpf                            0x08005f98   Section        0  inv_mpu.o(i.mpu_set_lpf)
    i.mpu_set_sample_rate                    0x0800601c   Section        0  inv_mpu.o(i.mpu_set_sample_rate)
    i.mpu_set_sensors                        0x080060b8   Section        0  inv_mpu.o(i.mpu_set_sensors)
    i.mpu_write_mem                          0x08006188   Section        0  inv_mpu.o(i.mpu_write_mem)
    i.program_Init                           0x08006208   Section        0  main.o(i.program_Init)
    i.set_int_enable                         0x080064fc   Section        0  inv_mpu.o(i.set_int_enable)
    set_int_enable                           0x080064fd   Thumb Code   138  inv_mpu.o(i.set_int_enable)
    i.sqrt                                   0x0800658c   Section        0  sqrt.o(i.sqrt)
    .constdata                               0x080065d8   Section     3840  oled_font.o(.constdata)
    .constdata                               0x080074d8   Section       84  inv_mpu.o(.constdata)
    .constdata                               0x0800752c   Section     3062  inv_mpu_dmp_motion_driver.o(.constdata)
    dmp_memory                               0x0800752c   Data        3062  inv_mpu_dmp_motion_driver.o(.constdata)
    .constdata                               0x08008128   Section       80  asin.o(.constdata)
    pS                                       0x08008128   Data          48  asin.o(.constdata)
    qS                                       0x08008158   Data          32  asin.o(.constdata)
    .constdata                               0x08008178   Section      152  atan.o(.constdata)
    atanhi                                   0x08008178   Data          32  atan.o(.constdata)
    atanlo                                   0x08008198   Data          32  atan.o(.constdata)
    aTodd                                    0x080081b8   Data          40  atan.o(.constdata)
    aTeven                                   0x080081e0   Data          48  atan.o(.constdata)
    .constdata                               0x08008210   Section        8  qnan.o(.constdata)
    .data                                    0x20000000   Section       20  system_stm32f10x.o(.data)
    .data                                    0x20000014   Section       20  stm32f10x_rcc.o(.data)
    APBAHBPrescTable                         0x20000014   Data          16  stm32f10x_rcc.o(.data)
    ADCPrescTable                            0x20000024   Data           4  stm32f10x_rcc.o(.data)
    .data                                    0x20000028   Section       32  encodermotor.o(.data)
    gyro_orientation                         0x20000028   Data           9  encodermotor.o(.data)
    .data                                    0x20000048   Section        4  head.o(.data)
    .data                                    0x2000004c   Section       28  mpu6050.o(.data)
    .data                                    0x20000068   Section       16  oled_sh1106.o(.data)
    .data                                    0x20000078   Section       40  pid.o(.data)
    gyro_orientation                         0x20000078   Data           9  pid.o(.data)
    .data                                    0x200000a0   Section       20  timer.o(.data)
    gyro_orientation                         0x200000a0   Data           9  timer.o(.data)
    .data                                    0x200000b4   Section       24  mpu_dmp_rotation.o(.data)
    gyro_orientation                         0x200000b4   Data           9  mpu_dmp_rotation.o(.data)
    .data                                    0x200000cc   Section       56  inv_mpu.o(.data)
    gyro_orientation                         0x200000cc   Data           9  inv_mpu.o(.data)
    st                                       0x200000d8   Data          44  inv_mpu.o(.data)
    .data                                    0x20000104   Section        4  stdout.o(.data)
    .data                                    0x20000108   Section        4  errno.o(.data)
    _errno                                   0x20000108   Data           4  errno.o(.data)
    .bss                                     0x2000010c   Section       40  head.o(.bss)
    .bss                                     0x20000134   Section     1024  oled_sh1106.o(.bss)
    .bss                                     0x20000534   Section       56  pid.o(.bss)
    .bss                                     0x2000056c   Section       16  inv_mpu_dmp_motion_driver.o(.bss)
    dmp                                      0x2000056c   Data          16  inv_mpu_dmp_motion_driver.o(.bss)
    STACK                                    0x20000580   Section     1024  startup_stm32f10x_md.o(STACK)

    Global Symbols

    Symbol Name                              Value     Ov Type        Size  Object(Section)

    BuildAttributes$$THM_ISAv4$P$D$K$B$S$PE$A:L22UL41UL21$X:L11$S22US41US21$IEEE1$IW$USESV6$~STKCKD$USESV7$~SHL$OTIME$ROPI$IEEEX$EBA8$MICROLIB$REQ8$PRES8$EABIv2 0x00000000   Number         0  anon$$obj.o ABSOLUTE
    __ARM_use_no_argv                        0x00000000   Number         0  main.o ABSOLUTE
    _printf_a                                0x00000000   Number         0  stubs.o ABSOLUTE
    _printf_c                                0x00000000   Number         0  stubs.o ABSOLUTE
    _printf_charcount                        0x00000000   Number         0  stubs.o ABSOLUTE
    _printf_d                                0x00000000   Number         0  stubs.o ABSOLUTE
    _printf_e                                0x00000000   Number         0  stubs.o ABSOLUTE
    _printf_f                                0x00000000   Number         0  stubs.o ABSOLUTE
    _printf_flags                            0x00000000   Number         0  stubs.o ABSOLUTE
    _printf_fp_dec                           0x00000000   Number         0  stubs.o ABSOLUTE
    _printf_fp_hex                           0x00000000   Number         0  stubs.o ABSOLUTE
    _printf_g                                0x00000000   Number         0  stubs.o ABSOLUTE
    _printf_i                                0x00000000   Number         0  stubs.o ABSOLUTE
    _printf_int_dec                          0x00000000   Number         0  stubs.o ABSOLUTE
    _printf_l                                0x00000000   Number         0  stubs.o ABSOLUTE
    _printf_lc                               0x00000000   Number         0  stubs.o ABSOLUTE
    _printf_ll                               0x00000000   Number         0  stubs.o ABSOLUTE
    _printf_lld                              0x00000000   Number         0  stubs.o ABSOLUTE
    _printf_lli                              0x00000000   Number         0  stubs.o ABSOLUTE
    _printf_llo                              0x00000000   Number         0  stubs.o ABSOLUTE
    _printf_llu                              0x00000000   Number         0  stubs.o ABSOLUTE
    _printf_llx                              0x00000000   Number         0  stubs.o ABSOLUTE
    _printf_longlong_dec                     0x00000000   Number         0  stubs.o ABSOLUTE
    _printf_longlong_hex                     0x00000000   Number         0  stubs.o ABSOLUTE
    _printf_longlong_oct                     0x00000000   Number         0  stubs.o ABSOLUTE
    _printf_ls                               0x00000000   Number         0  stubs.o ABSOLUTE
    _printf_mbtowc                           0x00000000   Number         0  stubs.o ABSOLUTE
    _printf_n                                0x00000000   Number         0  stubs.o ABSOLUTE
    _printf_o                                0x00000000   Number         0  stubs.o ABSOLUTE
    _printf_p                                0x00000000   Number         0  stubs.o ABSOLUTE
    _printf_percent                          0x00000000   Number         0  stubs.o ABSOLUTE
    _printf_pre_padding                      0x00000000   Number         0  stubs.o ABSOLUTE
    _printf_return_value                     0x00000000   Number         0  stubs.o ABSOLUTE
    _printf_s                                0x00000000   Number         0  stubs.o ABSOLUTE
    _printf_sizespec                         0x00000000   Number         0  stubs.o ABSOLUTE
    _printf_str                              0x00000000   Number         0  stubs.o ABSOLUTE
    _printf_truncate_signed                  0x00000000   Number         0  stubs.o ABSOLUTE
    _printf_truncate_unsigned                0x00000000   Number         0  stubs.o ABSOLUTE
    _printf_u                                0x00000000   Number         0  stubs.o ABSOLUTE
    _printf_wc                               0x00000000   Number         0  stubs.o ABSOLUTE
    _printf_wctomb                           0x00000000   Number         0  stubs.o ABSOLUTE
    _printf_widthprec                        0x00000000   Number         0  stubs.o ABSOLUTE
    _printf_x                                0x00000000   Number         0  stubs.o ABSOLUTE
    __cpp_initialize__aeabi_                  - Undefined Weak Reference
    __cxa_finalize                            - Undefined Weak Reference
    __decompress                              - Undefined Weak Reference
    _clock_init                               - Undefined Weak Reference
    _microlib_exit                            - Undefined Weak Reference
    __Vectors_Size                           0x000000ec   Number         0  startup_stm32f10x_md.o ABSOLUTE
    __Vectors                                0x08000000   Data           4  startup_stm32f10x_md.o(RESET)
    __Vectors_End                            0x080000ec   Data           0  startup_stm32f10x_md.o(RESET)
    __main                                   0x080000ed   Thumb Code     0  entry.o(.ARM.Collect$$$$00000000)
    _main_stk                                0x080000ed   Thumb Code     0  entry2.o(.ARM.Collect$$$$00000001)
    _main_scatterload                        0x080000f1   Thumb Code     0  entry5.o(.ARM.Collect$$$$00000004)
    __main_after_scatterload                 0x080000f5   Thumb Code     0  entry5.o(.ARM.Collect$$$$00000004)
    _main_clock                              0x080000f5   Thumb Code     0  entry7b.o(.ARM.Collect$$$$00000008)
    _main_cpp_init                           0x080000f5   Thumb Code     0  entry8b.o(.ARM.Collect$$$$0000000A)
    _main_init                               0x080000f5   Thumb Code     0  entry9a.o(.ARM.Collect$$$$0000000B)
    __rt_final_cpp                           0x080000fd   Thumb Code     0  entry10a.o(.ARM.Collect$$$$0000000D)
    __rt_final_exit                          0x080000fd   Thumb Code     0  entry11a.o(.ARM.Collect$$$$0000000F)
    Reset_Handler                            0x08000101   Thumb Code     8  startup_stm32f10x_md.o(.text)
    ADC1_2_IRQHandler                        0x0800011b   Thumb Code     0  startup_stm32f10x_md.o(.text)
    CAN1_RX1_IRQHandler                      0x0800011b   Thumb Code     0  startup_stm32f10x_md.o(.text)
    CAN1_SCE_IRQHandler                      0x0800011b   Thumb Code     0  startup_stm32f10x_md.o(.text)
    DMA1_Channel1_IRQHandler                 0x0800011b   Thumb Code     0  startup_stm32f10x_md.o(.text)
    DMA1_Channel2_IRQHandler                 0x0800011b   Thumb Code     0  startup_stm32f10x_md.o(.text)
    DMA1_Channel3_IRQHandler                 0x0800011b   Thumb Code     0  startup_stm32f10x_md.o(.text)
    DMA1_Channel4_IRQHandler                 0x0800011b   Thumb Code     0  startup_stm32f10x_md.o(.text)
    DMA1_Channel5_IRQHandler                 0x0800011b   Thumb Code     0  startup_stm32f10x_md.o(.text)
    DMA1_Channel6_IRQHandler                 0x0800011b   Thumb Code     0  startup_stm32f10x_md.o(.text)
    DMA1_Channel7_IRQHandler                 0x0800011b   Thumb Code     0  startup_stm32f10x_md.o(.text)
    EXTI0_IRQHandler                         0x0800011b   Thumb Code     0  startup_stm32f10x_md.o(.text)
    EXTI15_10_IRQHandler                     0x0800011b   Thumb Code     0  startup_stm32f10x_md.o(.text)
    EXTI1_IRQHandler                         0x0800011b   Thumb Code     0  startup_stm32f10x_md.o(.text)
    EXTI2_IRQHandler                         0x0800011b   Thumb Code     0  startup_stm32f10x_md.o(.text)
    EXTI3_IRQHandler                         0x0800011b   Thumb Code     0  startup_stm32f10x_md.o(.text)
    EXTI4_IRQHandler                         0x0800011b   Thumb Code     0  startup_stm32f10x_md.o(.text)
    EXTI9_5_IRQHandler                       0x0800011b   Thumb Code     0  startup_stm32f10x_md.o(.text)
    FLASH_IRQHandler                         0x0800011b   Thumb Code     0  startup_stm32f10x_md.o(.text)
    I2C1_ER_IRQHandler                       0x0800011b   Thumb Code     0  startup_stm32f10x_md.o(.text)
    I2C1_EV_IRQHandler                       0x0800011b   Thumb Code     0  startup_stm32f10x_md.o(.text)
    I2C2_ER_IRQHandler                       0x0800011b   Thumb Code     0  startup_stm32f10x_md.o(.text)
    I2C2_EV_IRQHandler                       0x0800011b   Thumb Code     0  startup_stm32f10x_md.o(.text)
    PVD_IRQHandler                           0x0800011b   Thumb Code     0  startup_stm32f10x_md.o(.text)
    RCC_IRQHandler                           0x0800011b   Thumb Code     0  startup_stm32f10x_md.o(.text)
    RTCAlarm_IRQHandler                      0x0800011b   Thumb Code     0  startup_stm32f10x_md.o(.text)
    RTC_IRQHandler                           0x0800011b   Thumb Code     0  startup_stm32f10x_md.o(.text)
    SPI1_IRQHandler                          0x0800011b   Thumb Code     0  startup_stm32f10x_md.o(.text)
    SPI2_IRQHandler                          0x0800011b   Thumb Code     0  startup_stm32f10x_md.o(.text)
    TAMPER_IRQHandler                        0x0800011b   Thumb Code     0  startup_stm32f10x_md.o(.text)
    TIM1_BRK_IRQHandler                      0x0800011b   Thumb Code     0  startup_stm32f10x_md.o(.text)
    TIM1_CC_IRQHandler                       0x0800011b   Thumb Code     0  startup_stm32f10x_md.o(.text)
    TIM1_TRG_COM_IRQHandler                  0x0800011b   Thumb Code     0  startup_stm32f10x_md.o(.text)
    TIM3_IRQHandler                          0x0800011b   Thumb Code     0  startup_stm32f10x_md.o(.text)
    USART2_IRQHandler                        0x0800011b   Thumb Code     0  startup_stm32f10x_md.o(.text)
    USART3_IRQHandler                        0x0800011b   Thumb Code     0  startup_stm32f10x_md.o(.text)
    USBWakeUp_IRQHandler                     0x0800011b   Thumb Code     0  startup_stm32f10x_md.o(.text)
    USB_HP_CAN1_TX_IRQHandler                0x0800011b   Thumb Code     0  startup_stm32f10x_md.o(.text)
    USB_LP_CAN1_RX0_IRQHandler               0x0800011b   Thumb Code     0  startup_stm32f10x_md.o(.text)
    WWDG_IRQHandler                          0x0800011b   Thumb Code     0  startup_stm32f10x_md.o(.text)
    __aeabi_llsr                             0x08000125   Thumb Code    32  llushr.o(.text)
    _ll_ushift_r                             0x08000125   Thumb Code     0  llushr.o(.text)
    __aeabi_lasr                             0x08000145   Thumb Code    36  llsshr.o(.text)
    _ll_sshift_r                             0x08000145   Thumb Code     0  llsshr.o(.text)
    __aeabi_memset                           0x08000169   Thumb Code    14  memseta.o(.text)
    __aeabi_memset4                          0x08000169   Thumb Code     0  memseta.o(.text)
    __aeabi_memset8                          0x08000169   Thumb Code     0  memseta.o(.text)
    __aeabi_memclr                           0x08000177   Thumb Code     4  memseta.o(.text)
    __aeabi_memclr4                          0x08000177   Thumb Code     0  memseta.o(.text)
    __aeabi_memclr8                          0x08000177   Thumb Code     0  memseta.o(.text)
    _memset$wrapper                          0x0800017b   Thumb Code    18  memseta.o(.text)
    memcmp                                   0x0800018d   Thumb Code    26  memcmp.o(.text)
    __aeabi_fadd                             0x080001a7   Thumb Code   164  fadd.o(.text)
    __aeabi_fsub                             0x0800024b   Thumb Code     6  fadd.o(.text)
    __aeabi_frsub                            0x08000251   Thumb Code     6  fadd.o(.text)
    __aeabi_fmul                             0x08000257   Thumb Code   100  fmul.o(.text)
    __aeabi_fdiv                             0x080002bb   Thumb Code   124  fdiv.o(.text)
    __aeabi_dadd                             0x08000337   Thumb Code   322  dadd.o(.text)
    __aeabi_dsub                             0x08000479   Thumb Code     6  dadd.o(.text)
    __aeabi_drsub                            0x0800047f   Thumb Code     6  dadd.o(.text)
    __aeabi_dmul                             0x08000485   Thumb Code   228  dmul.o(.text)
    __aeabi_ddiv                             0x08000569   Thumb Code   222  ddiv.o(.text)
    __aeabi_i2f                              0x08000647   Thumb Code    18  fflti.o(.text)
    __aeabi_ui2f                             0x08000659   Thumb Code    10  ffltui.o(.text)
    __aeabi_i2d                              0x08000663   Thumb Code    34  dflti.o(.text)
    __aeabi_f2uiz                            0x08000685   Thumb Code    40  ffixui.o(.text)
    __aeabi_f2d                              0x080006ad   Thumb Code    38  f2d.o(.text)
    __aeabi_cdrcmple                         0x080006d5   Thumb Code    38  cdrcmple.o(.text)
    __aeabi_d2f                              0x080006fd   Thumb Code    56  d2f.o(.text)
    __aeabi_cfcmpeq                          0x08000735   Thumb Code     0  cfcmple.o(.text)
    __aeabi_cfcmple                          0x08000735   Thumb Code    20  cfcmple.o(.text)
    __aeabi_cfrcmple                         0x08000749   Thumb Code    20  cfrcmple.o(.text)
    __aeabi_uidiv                            0x0800075d   Thumb Code     0  uidiv.o(.text)
    __aeabi_uidivmod                         0x0800075d   Thumb Code    44  uidiv.o(.text)
    __aeabi_uldivmod                         0x08000789   Thumb Code    98  uldiv.o(.text)
    __aeabi_llsl                             0x080007eb   Thumb Code    30  llshl.o(.text)
    _ll_shift_l                              0x080007eb   Thumb Code     0  llshl.o(.text)
    __I$use$fp                               0x08000809   Thumb Code     0  iusefp.o(.text)
    _float_round                             0x08000809   Thumb Code    18  fepilogue.o(.text)
    _float_epilogue                          0x0800081b   Thumb Code    92  fepilogue.o(.text)
    _double_round                            0x08000877   Thumb Code    26  depilogue.o(.text)
    _double_epilogue                         0x08000891   Thumb Code   156  depilogue.o(.text)
    __ARM_scalbn                             0x0800092d   Thumb Code    46  dscalb.o(.text)
    scalbn                                   0x0800092d   Thumb Code     0  dscalb.o(.text)
    _dsqrt                                   0x0800095b   Thumb Code   162  dsqrt.o(.text)
    __aeabi_d2ulz                            0x080009fd   Thumb Code    48  dfixul.o(.text)
    __scatterload                            0x08000a2d   Thumb Code    28  init.o(.text)
    __scatterload_rt2                        0x08000a2d   Thumb Code     0  init.o(.text)
    BusFault_Handler                         0x08000a51   Thumb Code     4  stm32f10x_it.o(i.BusFault_Handler)
    DEBUG_OLED                               0x08000a55   Thumb Code   142  head.o(i.DEBUG_OLED)
    DEBUG_UART                               0x08000ae5   Thumb Code    28  head.o(i.DEBUG_UART)
    DebugMon_Handler                         0x08000b05   Thumb Code     2  stm32f10x_it.o(i.DebugMon_Handler)
    GPIO_Init                                0x08000b07   Thumb Code   278  stm32f10x_gpio.o(i.GPIO_Init)
    GPIO_PinRemapConfig                      0x08000c1d   Thumb Code   138  stm32f10x_gpio.o(i.GPIO_PinRemapConfig)
    GPIO_ReadInputDataBit                    0x08000cad   Thumb Code    18  stm32f10x_gpio.o(i.GPIO_ReadInputDataBit)
    GPIO_ResetBits                           0x08000cbf   Thumb Code     4  stm32f10x_gpio.o(i.GPIO_ResetBits)
    GPIO_SetBits                             0x08000cc3   Thumb Code     4  stm32f10x_gpio.o(i.GPIO_SetBits)
    HardFault_Handler                        0x08000cc7   Thumb Code     4  stm32f10x_it.o(i.HardFault_Handler)
    Holy_fuck                                0x08000ccd   Thumb Code    84  pid.o(i.Holy_fuck)
    I2C_MPU_Ack                              0x08000d31   Thumb Code    52  i2c.o(i.I2C_MPU_Ack)
    I2C_MPU_NoAck                            0x08000d69   Thumb Code    52  i2c.o(i.I2C_MPU_NoAck)
    I2C_MPU_Receive_Data                     0x08000da1   Thumb Code    74  i2c.o(i.I2C_MPU_Receive_Data)
    I2C_MPU_Send_Data                        0x08000df1   Thumb Code    80  i2c.o(i.I2C_MPU_Send_Data)
    I2C_MPU_Software_WaitAck                 0x08000e45   Thumb Code    22  i2c.o(i.I2C_MPU_Software_WaitAck)
    I2C_MPU_Start                            0x08000e5d   Thumb Code    56  i2c.o(i.I2C_MPU_Start)
    I2C_MPU_Stop                             0x08000e99   Thumb Code    52  i2c.o(i.I2C_MPU_Stop)
    I2C_MPU_Wait_Ack                         0x08000ed1   Thumb Code    74  i2c.o(i.I2C_MPU_Wait_Ack)
    I2C_ReadBytes_MPU                        0x08000f21   Thumb Code   124  i2c.o(i.I2C_ReadBytes_MPU)
    I2C_Read_MPU                             0x08000f9d   Thumb Code    94  i2c.o(i.I2C_Read_MPU)
    I2C_SCL_MPU_Init                         0x08000ffd   Thumb Code    50  i2c.o(i.I2C_SCL_MPU_Init)
    I2C_SDA_MPU_Init                         0x08001035   Thumb Code    84  i2c.o(i.I2C_SDA_MPU_Init)
    I2C_Software_MPU_init                    0x0800108d   Thumb Code    20  i2c.o(i.I2C_Software_MPU_init)
    I2C_WriteBytes_MPU                       0x080010a1   Thumb Code   106  i2c.o(i.I2C_WriteBytes_MPU)
    I2C_Write_MPU                            0x0800110b   Thumb Code    80  i2c.o(i.I2C_Write_MPU)
    Led_Init                                 0x0800115d   Thumb Code    50  led.o(i.Led_Init)
    MPU_DMP_get_data                         0x08001195   Thumb Code    18  mpu_dmp_rotation.o(i.MPU_DMP_get_data)
    MPU_DMP_init                             0x080011a9   Thumb Code   136  mpu_dmp_rotation.o(i.MPU_DMP_init)
    MPU_Get_Self_Address                     0x08001235   Thumb Code    32  mpu6050.o(i.MPU_Get_Self_Address)
    MPU_Init                                 0x08001289   Thumb Code   274  mpu6050.o(i.MPU_Init)
    MemManage_Handler                        0x080013e1   Thumb Code     4  stm32f10x_it.o(i.MemManage_Handler)
    Motor_Init                               0x080013e5   Thumb Code    10  encodermotor.o(i.Motor_Init)
    Motor_PWM_Map_L                          0x080013f1   Thumb Code    68  encodermotor.o(i.Motor_PWM_Map_L)
    Motor_PWM_Map_R                          0x0800143d   Thumb Code    68  encodermotor.o(i.Motor_PWM_Map_R)
    Motor_ReadEncoder                        0x08001489   Thumb Code    70  encodermotor.o(i.Motor_ReadEncoder)
    Motor_Set_DIR                            0x080014d5   Thumb Code     6  encodermotor.o(i.Motor_Set_DIR)
    Motor_Set_PWM                            0x080014e1   Thumb Code   328  encodermotor.o(i.Motor_Set_PWM)
    NMI_Handler                              0x0800163d   Thumb Code     2  stm32f10x_it.o(i.NMI_Handler)
    NVIC_Init                                0x08001641   Thumb Code   100  misc.o(i.NVIC_Init)
    NVIC_PriorityGroupConfig                 0x080016b1   Thumb Code    10  misc.o(i.NVIC_PriorityGroupConfig)
    NVIC_SetVectorTable                      0x080016c5   Thumb Code    12  misc.o(i.NVIC_SetVectorTable)
    OLED_CSS                                 0x080016d9   Thumb Code    30  oled_sh1106.o(i.OLED_CSS)
    OLED_ClearDisplay                        0x080016fd   Thumb Code    12  oled_sh1106.o(i.OLED_ClearDisplay)
    OLED_Cursor_Operation                    0x08001709   Thumb Code    64  oled_sh1106.o(i.OLED_Cursor_Operation)
    OLED_DC                                  0x08001751   Thumb Code    26  oled_sh1106.o(i.OLED_DC)
    OLED_Display_Off                         0x08001771   Thumb Code    22  oled_sh1106.o(i.OLED_Display_Off)
    OLED_Display_On                          0x08001787   Thumb Code    22  oled_sh1106.o(i.OLED_Display_On)
    OLED_GPIO_Init                           0x0800179d   Thumb Code    82  oled_sh1106.o(i.OLED_GPIO_Init)
    OLED_GRAM_Clear                          0x080017fd   Thumb Code    42  oled_sh1106.o(i.OLED_GRAM_Clear)
    OLED_GRAM_Push                           0x0800182d   Thumb Code    62  oled_sh1106.o(i.OLED_GRAM_Push)
    OLED_Init                                0x08001871   Thumb Code    30  oled_sh1106.o(i.OLED_Init)
    OLED_Print_Letter_Caps                   0x08001891   Thumb Code   258  oled_sh1106.o(i.OLED_Print_Letter_Caps)
    OLED_Print_Letter_noCaps                 0x080019a9   Thumb Code   258  oled_sh1106.o(i.OLED_Print_Letter_noCaps)
    OLED_Print_Number                        0x08001ac1   Thumb Code   258  oled_sh1106.o(i.OLED_Print_Number)
    OLED_Print_Symbol1                       0x08001bd9   Thumb Code   258  oled_sh1106.o(i.OLED_Print_Symbol1)
    OLED_Print_Symbol2                       0x08001cf1   Thumb Code   258  oled_sh1106.o(i.OLED_Print_Symbol2)
    OLED_Print_Symbol3                       0x08001e09   Thumb Code   258  oled_sh1106.o(i.OLED_Print_Symbol3)
    OLED_Print_Symbol4                       0x08001f21   Thumb Code   258  oled_sh1106.o(i.OLED_Print_Symbol4)
    OLED_RES                                 0x08002039   Thumb Code    30  oled_sh1106.o(i.OLED_RES)
    OLED_Reset                               0x0800205d   Thumb Code   178  oled_sh1106.o(i.OLED_Reset)
    OLED_SCLK                                0x08002111   Thumb Code    26  oled_sh1106.o(i.OLED_SCLK)
    OLED_SDAT                                0x08002131   Thumb Code    26  oled_sh1106.o(i.OLED_SDAT)
    OLED_Write_Cmd                           0x08002151   Thumb Code    54  oled_sh1106.o(i.OLED_Write_Cmd)
    OLED_Write_Data                          0x08002187   Thumb Code    54  oled_sh1106.o(i.OLED_Write_Data)
    OLED_drawPixel                           0x080021bd   Thumb Code    78  oled_sh1106.o(i.OLED_drawPixel)
    OLED_error                               0x08002215   Thumb Code   158  oled_sh1106.o(i.OLED_error)
    OLED_newLine                             0x080022c1   Thumb Code    58  oled_sh1106.o(i.OLED_newLine)
    OLED_resetCursor                         0x08002309   Thumb Code    12  oled_sh1106.o(i.OLED_resetCursor)
    OLED_setFont                             0x0800231d   Thumb Code    38  oled_sh1106.o(i.OLED_setFont)
    OLED_space                               0x08002349   Thumb Code    54  oled_sh1106.o(i.OLED_space)
    PID_Clear                                0x08002389   Thumb Code    16  pid.o(i.PID_Clear)
    PID_Control_Degree                       0x08002399   Thumb Code   124  pid.o(i.PID_Control_Degree)
    PID_Control_Motor                        0x0800242d   Thumb Code   224  pid.o(i.PID_Control_Motor)
    PID_Control_Orientation                  0x0800253d   Thumb Code    78  pid.o(i.PID_Control_Orientation)
    PID_Generate_PWM                         0x080025a5   Thumb Code    64  pid.o(i.PID_Generate_PWM)
    PWR_WakeUpPinCmd                         0x08002601   Thumb Code     6  stm32f10x_pwr.o(i.PWR_WakeUpPinCmd)
    PendSV_Handler                           0x0800260d   Thumb Code     2  stm32f10x_it.o(i.PendSV_Handler)
    RCC_APB1PeriphClockCmd                   0x08002611   Thumb Code    26  stm32f10x_rcc.o(i.RCC_APB1PeriphClockCmd)
    RCC_APB2PeriphClockCmd                   0x08002631   Thumb Code    26  stm32f10x_rcc.o(i.RCC_APB2PeriphClockCmd)
    RCC_GetClocksFreq                        0x08002651   Thumb Code   192  stm32f10x_rcc.o(i.RCC_GetClocksFreq)
    SVC_Handler                              0x08002725   Thumb Code     2  stm32f10x_it.o(i.SVC_Handler)
    Sensors_I2C_Read                         0x08002727   Thumb Code    26  i2c.o(i.Sensors_I2C_Read)
    Sensors_I2C_Write                        0x08002741   Thumb Code    26  i2c.o(i.Sensors_I2C_Write)
    SysTick_Handler                          0x08002845   Thumb Code    84  stm32f10x_it.o(i.SysTick_Handler)
    SysTick_Init                             0x080028b1   Thumb Code    92  timer.o(i.SysTick_Init)
    Sys_Reset                                0x08002919   Thumb Code    38  head.o(i.Sys_Reset)
    SystemInit                               0x08002949   Thumb Code    78  system_stm32f10x.o(i.SystemInit)
    TIM1_UP_IRQHandler                       0x08002be9   Thumb Code    26  timer.o(i.TIM1_UP_IRQHandler)
    TIM2_IRQHandler                          0x08002c09   Thumb Code    24  timer.o(i.TIM2_IRQHandler)
    TIM4_IRQHandler                          0x08002c21   Thumb Code    24  timer.o(i.TIM4_IRQHandler)
    TIM_ARRPreloadConfig                     0x08002c3d   Thumb Code    24  stm32f10x_tim.o(i.TIM_ARRPreloadConfig)
    TIM_ClearFlag                            0x08002c55   Thumb Code     6  stm32f10x_tim.o(i.TIM_ClearFlag)
    TIM_ClearITPendingBit                    0x08002c5b   Thumb Code     6  stm32f10x_tim.o(i.TIM_ClearITPendingBit)
    TIM_Cmd                                  0x08002c61   Thumb Code    24  stm32f10x_tim.o(i.TIM_Cmd)
    TIM_EncoderInterfaceConfig               0x08002c79   Thumb Code    66  stm32f10x_tim.o(i.TIM_EncoderInterfaceConfig)
    TIM_GetCounter                           0x08002cbb   Thumb Code     6  stm32f10x_tim.o(i.TIM_GetCounter)
    TIM_GetITStatus                          0x08002cc1   Thumb Code    34  stm32f10x_tim.o(i.TIM_GetITStatus)
    TIM_ICInit                               0x08002ce5   Thumb Code   150  stm32f10x_tim.o(i.TIM_ICInit)
    TIM_ICStructInit                         0x08002d91   Thumb Code    18  stm32f10x_tim.o(i.TIM_ICStructInit)
    TIM_ITConfig                             0x08002da3   Thumb Code    18  stm32f10x_tim.o(i.TIM_ITConfig)
    TIM_OC1Init                              0x08002db5   Thumb Code   132  stm32f10x_tim.o(i.TIM_OC1Init)
    TIM_OC1PreloadConfig                     0x08002e4d   Thumb Code    18  stm32f10x_tim.o(i.TIM_OC1PreloadConfig)
    TIM_OC2Init                              0x08002e61   Thumb Code   154  stm32f10x_tim.o(i.TIM_OC2Init)
    TIM_OC2PreloadConfig                     0x08002f05   Thumb Code    26  stm32f10x_tim.o(i.TIM_OC2PreloadConfig)
    TIM_OC3Init                              0x08002f21   Thumb Code   150  stm32f10x_tim.o(i.TIM_OC3Init)
    TIM_OC3PreloadConfig                     0x08002fc1   Thumb Code    18  stm32f10x_tim.o(i.TIM_OC3PreloadConfig)
    TIM_OC4Init                              0x08002fd5   Thumb Code   114  stm32f10x_tim.o(i.TIM_OC4Init)
    TIM_OC4PreloadConfig                     0x08003051   Thumb Code    26  stm32f10x_tim.o(i.TIM_OC4PreloadConfig)
    TIM_SetCompare1                          0x0800306b   Thumb Code     4  stm32f10x_tim.o(i.TIM_SetCompare1)
    TIM_SetCompare2                          0x0800306f   Thumb Code     4  stm32f10x_tim.o(i.TIM_SetCompare2)
    TIM_SetCompare3                          0x08003073   Thumb Code     4  stm32f10x_tim.o(i.TIM_SetCompare3)
    TIM_SetCompare4                          0x08003077   Thumb Code     6  stm32f10x_tim.o(i.TIM_SetCompare4)
    TIM_SetCounter                           0x0800307d   Thumb Code     4  stm32f10x_tim.o(i.TIM_SetCounter)
    TIM_SetIC1Prescaler                      0x08003081   Thumb Code    18  stm32f10x_tim.o(i.TIM_SetIC1Prescaler)
    TIM_SetIC2Prescaler                      0x08003093   Thumb Code    26  stm32f10x_tim.o(i.TIM_SetIC2Prescaler)
    TIM_SetIC3Prescaler                      0x080030ad   Thumb Code    18  stm32f10x_tim.o(i.TIM_SetIC3Prescaler)
    TIM_SetIC4Prescaler                      0x080030bf   Thumb Code    26  stm32f10x_tim.o(i.TIM_SetIC4Prescaler)
    TIM_TimeBaseInit                         0x080030d9   Thumb Code   122  stm32f10x_tim.o(i.TIM_TimeBaseInit)
    TIM_TimeBaseStructInit                   0x0800317d   Thumb Code    18  stm32f10x_tim.o(i.TIM_TimeBaseStructInit)
    Timer1_Init                              0x08003191   Thumb Code    92  timer.o(i.Timer1_Init)
    Timer2_Init_EncoderA                     0x080031f1   Thumb Code   156  timer.o(i.Timer2_Init_EncoderA)
    Timer3_Init_PWM                          0x08003291   Thumb Code   194  timer.o(i.Timer3_Init_PWM)
    Timer4_Init_EncoderB                     0x08003361   Thumb Code   146  timer.o(i.Timer4_Init_EncoderB)
    Timer_getSystemTick                      0x080033fd   Thumb Code     8  timer.o(i.Timer_getSystemTick)
    USART1_IRQHandler                        0x08003409   Thumb Code    32  uart.o(i.USART1_IRQHandler)
    USART_Cmd                                0x0800342d   Thumb Code    24  stm32f10x_usart.o(i.USART_Cmd)
    USART_GetFlagStatus                      0x08003445   Thumb Code    26  stm32f10x_usart.o(i.USART_GetFlagStatus)
    USART_GetITStatus                        0x0800345f   Thumb Code    84  stm32f10x_usart.o(i.USART_GetITStatus)
    USART_ITConfig                           0x080034b3   Thumb Code    74  stm32f10x_usart.o(i.USART_ITConfig)
    USART_Init                               0x080034fd   Thumb Code   210  stm32f10x_usart.o(i.USART_Init)
    USART_ReceiveData                        0x080035d5   Thumb Code    10  stm32f10x_usart.o(i.USART_ReceiveData)
    USART_SendData                           0x080035df   Thumb Code     8  stm32f10x_usart.o(i.USART_SendData)
    Uart1_init                               0x080035e9   Thumb Code   198  uart.o(i.Uart1_init)
    UsageFault_Handler                       0x080036b9   Thumb Code     4  stm32f10x_it.o(i.UsageFault_Handler)
    __0printf                                0x080036bd   Thumb Code    22  printfa.o(i.__0printf)
    __1printf                                0x080036bd   Thumb Code     0  printfa.o(i.__0printf)
    __2printf                                0x080036bd   Thumb Code     0  printfa.o(i.__0printf)
    __c89printf                              0x080036bd   Thumb Code     0  printfa.o(i.__0printf)
    printf                                   0x080036bd   Thumb Code     0  printfa.o(i.__0printf)
    __ARM_fpclassify                         0x080036dd   Thumb Code    40  fpclassify.o(i.__ARM_fpclassify)
    __kernel_poly                            0x08003705   Thumb Code   170  poly.o(i.__kernel_poly)
    __mathlib_dbl_underflow                  0x080037b1   Thumb Code    10  dunder.o(i.__mathlib_dbl_underflow)
    __scatterload_copy                       0x080037c1   Thumb Code    14  handlers.o(i.__scatterload_copy)
    __scatterload_null                       0x080037cf   Thumb Code     2  handlers.o(i.__scatterload_null)
    __scatterload_zeroinit                   0x080037d1   Thumb Code    14  handlers.o(i.__scatterload_zeroinit)
    __set_errno                              0x080037e1   Thumb Code     6  errno.o(i.__set_errno)
    arcsin_safe                              0x08004081   Thumb Code    76  mpu_rotation.o(i.arcsin_safe)
    asin                                     0x080040d9   Thumb Code   584  asin.o(i.asin)
    atan                                     0x08004355   Thumb Code   478  atan.o(i.atan)
    atan2                                    0x08004579   Thumb Code   346  atan2.o(i.atan2)
    blink                                    0x080046f9   Thumb Code    48  led.o(i.blink)
    delay                                    0x08004791   Thumb Code    22  delay.o(i.delay)
    delay_1us                                0x080047a7   Thumb Code   146  delay.o(i.delay_1us)
    delay_i2c                                0x08004839   Thumb Code    16  delay.o(i.delay_i2c)
    dmp_enable_6x_lp_quat                    0x08004849   Thumb Code    60  inv_mpu_dmp_motion_driver.o(i.dmp_enable_6x_lp_quat)
    dmp_enable_feature                       0x08004885   Thumb Code   530  inv_mpu_dmp_motion_driver.o(i.dmp_enable_feature)
    dmp_enable_gyro_cal                      0x08004aa1   Thumb Code    62  inv_mpu_dmp_motion_driver.o(i.dmp_enable_gyro_cal)
    dmp_enable_lp_quat                       0x08004af9   Thumb Code    60  inv_mpu_dmp_motion_driver.o(i.dmp_enable_lp_quat)
    dmp_get_data                             0x08004b35   Thumb Code   708  mpu_dmp_rotation.o(i.dmp_get_data)
    dmp_load_motion_driver_firmware          0x08004e15   Thumb Code    20  inv_mpu_dmp_motion_driver.o(i.dmp_load_motion_driver_firmware)
    dmp_read_fifo                            0x08004e2d   Thumb Code   456  inv_mpu_dmp_motion_driver.o(i.dmp_read_fifo)
    dmp_set_fifo_rate                        0x08004ff9   Thumb Code    96  inv_mpu_dmp_motion_driver.o(i.dmp_set_fifo_rate)
    dmp_set_orientation                      0x08005069   Thumb Code   290  inv_mpu_dmp_motion_driver.o(i.dmp_set_orientation)
    dmp_set_shake_reject_thresh              0x080051a1   Thumb Code    56  inv_mpu_dmp_motion_driver.o(i.dmp_set_shake_reject_thresh)
    dmp_set_shake_reject_time                0x080051d9   Thumb Code    38  inv_mpu_dmp_motion_driver.o(i.dmp_set_shake_reject_time)
    dmp_set_shake_reject_timeout             0x080051ff   Thumb Code    38  inv_mpu_dmp_motion_driver.o(i.dmp_set_shake_reject_timeout)
    dmp_set_tap_axes                         0x08005225   Thumb Code    70  inv_mpu_dmp_motion_driver.o(i.dmp_set_tap_axes)
    dmp_set_tap_count                        0x0800526b   Thumb Code    38  inv_mpu_dmp_motion_driver.o(i.dmp_set_tap_count)
    dmp_set_tap_thresh                       0x08005291   Thumb Code   396  inv_mpu_dmp_motion_driver.o(i.dmp_set_tap_thresh)
    dmp_set_tap_time                         0x08005431   Thumb Code    38  inv_mpu_dmp_motion_driver.o(i.dmp_set_tap_time)
    dmp_set_tap_time_multi                   0x08005457   Thumb Code    38  inv_mpu_dmp_motion_driver.o(i.dmp_set_tap_time_multi)
    fputc                                    0x0800547d   Thumb Code    52  head.o(i.fputc)
    get_tick                                 0x080054b5   Thumb Code    12  timer.o(i.get_tick)
    inv_orientation_matrix_to_scalar         0x080054c1   Thumb Code    40  ml_math_func.o(i.inv_orientation_matrix_to_scalar)
    main                                     0x08005539   Thumb Code   102  main.o(i.main)
    mdelay                                   0x080055e1   Thumb Code    12  delay.o(i.mdelay)
    mpu_configure_fifo                       0x080055ed   Thumb Code   106  inv_mpu.o(i.mpu_configure_fifo)
    mpu_get_accel_fsr                        0x0800565d   Thumb Code    72  inv_mpu.o(i.mpu_get_accel_fsr)
    mpu_init                                 0x080056a9   Thumb Code   248  inv_mpu.o(i.mpu_init)
    mpu_load_firmware                        0x080057a5   Thumb Code   180  inv_mpu.o(i.mpu_load_firmware)
    mpu_lp_accel_mode                        0x0800585d   Thumb Code   218  inv_mpu.o(i.mpu_lp_accel_mode)
    mpu_read_fifo_stream                     0x0800593d   Thumb Code   186  inv_mpu.o(i.mpu_read_fifo_stream)
    mpu_read_mem                             0x080059fd   Thumb Code   122  inv_mpu.o(i.mpu_read_mem)
    mpu_reset_fifo                           0x08005a7d   Thumb Code   450  inv_mpu.o(i.mpu_reset_fifo)
    mpu_set_accel_fsr                        0x08005c45   Thumb Code   126  inv_mpu.o(i.mpu_set_accel_fsr)
    mpu_set_bypass                           0x08005cc9   Thumb Code   328  inv_mpu.o(i.mpu_set_bypass)
    mpu_set_dmp_state                        0x08005e15   Thumb Code   138  inv_mpu.o(i.mpu_set_dmp_state)
    mpu_set_gyro_fsr                         0x08005ea5   Thumb Code   132  inv_mpu.o(i.mpu_set_gyro_fsr)
    mpu_set_int_latched                      0x08005f2d   Thumb Code   102  inv_mpu.o(i.mpu_set_int_latched)
    mpu_set_lpf                              0x08005f99   Thumb Code   126  inv_mpu.o(i.mpu_set_lpf)
    mpu_set_sample_rate                      0x0800601d   Thumb Code   152  inv_mpu.o(i.mpu_set_sample_rate)
    mpu_set_sensors                          0x080060b9   Thumb Code   202  inv_mpu.o(i.mpu_set_sensors)
    mpu_write_mem                            0x08006189   Thumb Code   122  inv_mpu.o(i.mpu_write_mem)
    program_Init                             0x08006209   Thumb Code   454  main.o(i.program_Init)
    sqrt                                     0x0800658d   Thumb Code    76  sqrt.o(i.sqrt)
    Font_8x8_void                            0x080065d8   Data           8  oled_font.o(.constdata)
    Font_16x16_void                          0x080065e0   Data          32  oled_font.o(.constdata)
    Font_8x8_filled                          0x08006600   Data           8  oled_font.o(.constdata)
    Font_16x16_filled                        0x08006608   Data          32  oled_font.o(.constdata)
    Font_Symbol1_8x8                         0x08006628   Data         120  oled_font.o(.constdata)
    Font_Symbol1_16x16                       0x080066a0   Data         480  oled_font.o(.constdata)
    Font_Number_8x8                          0x08006880   Data          80  oled_font.o(.constdata)
    Font_Number_16x16                        0x080068d0   Data         320  oled_font.o(.constdata)
    Font_Symbol2_8x8                         0x08006a10   Data          56  oled_font.o(.constdata)
    Font_Symbol2_16x16                       0x08006a48   Data         224  oled_font.o(.constdata)
    Font_Letter_8x8_A_to_Z                   0x08006b28   Data         208  oled_font.o(.constdata)
    Font_Letter_16x16_A_to_Z                 0x08006bf8   Data         832  oled_font.o(.constdata)
    Font_Symbol3_8x8                         0x08006f38   Data          48  oled_font.o(.constdata)
    Font_Symbol3_16x16                       0x08006f68   Data         192  oled_font.o(.constdata)
    Font_Letter_8x8_a_to_z                   0x08007028   Data         208  oled_font.o(.constdata)
    Font_Letter_16x16_a_to_z                 0x080070f8   Data         832  oled_font.o(.constdata)
    Font_Symbol4_8x8                         0x08007438   Data          32  oled_font.o(.constdata)
    Font_Symbol4_16x16                       0x08007458   Data         128  oled_font.o(.constdata)
    reg                                      0x080074d8   Data          30  inv_mpu.o(.constdata)
    hw                                       0x080074f6   Data          12  inv_mpu.o(.constdata)
    test                                     0x08007504   Data          40  inv_mpu.o(.constdata)
    __mathlib_zero                           0x08008210   Data           8  qnan.o(.constdata)
    Region$$Table$$Base                      0x08008218   Number         0  anon$$obj.o(Region$$Table)
    Region$$Table$$Limit                     0x08008238   Number         0  anon$$obj.o(Region$$Table)
    SystemCoreClock                          0x20000000   Data           4  system_stm32f10x.o(.data)
    AHBPrescTable                            0x20000004   Data          16  system_stm32f10x.o(.data)
    motor_dir                                0x20000031   Data           1  encodermotor.o(.data)
    motor_currentSpeed                       0x20000034   Data           4  encodermotor.o(.data)
    motor_l_currentSpeed                     0x20000038   Data           4  encodermotor.o(.data)
    motor_r_currentSpeed                     0x2000003c   Data           4  encodermotor.o(.data)
    PID_Median                               0x20000040   Data           4  encodermotor.o(.data)
    PID_output_pwm                           0x20000044   Data           4  encodermotor.o(.data)
    DEBUG_OUTPUT                             0x20000048   Data           4  head.o(.data)
    offset_accel_x                           0x2000004c   Data           4  mpu6050.o(.data)
    offset_accel_y                           0x20000050   Data           4  mpu6050.o(.data)
    offset_accel_z                           0x20000054   Data           4  mpu6050.o(.data)
    offset_gyro_x                            0x20000058   Data           4  mpu6050.o(.data)
    offset_gyro_y                            0x2000005c   Data           4  mpu6050.o(.data)
    offset_gyro_z                            0x20000060   Data           4  mpu6050.o(.data)
    I2C_LOG                                  0x20000064   Data           4  mpu6050.o(.data)
    OLED_GRAM_COL                            0x20000068   Data           8  oled_sh1106.o(.data)
    OLED_Cursor_X                            0x20000070   Data           1  oled_sh1106.o(.data)
    OLED_Cursor_Y                            0x20000071   Data           1  oled_sh1106.o(.data)
    OLED_Font                                0x20000074   Data           4  oled_sh1106.o(.data)
    pid_range                                0x20000084   Data           4  pid.o(.data)
    pid_orientation                          0x20000088   Data           4  pid.o(.data)
    Kp_d                                     0x2000008c   Data           4  pid.o(.data)
    Kd_d                                     0x20000090   Data           4  pid.o(.data)
    Kp_m                                     0x20000094   Data           4  pid.o(.data)
    Ki_m                                     0x20000098   Data           4  pid.o(.data)
    Kp_o                                     0x2000009c   Data           4  pid.o(.data)
    current_Time                             0x200000ac   Data           4  timer.o(.data)
    ct                                       0x200000b0   Data           4  timer.o(.data)
    dpm_roll_offset                          0x200000c0   Data           4  mpu_dmp_rotation.o(.data)
    dpm_pitch_offset                         0x200000c4   Data           4  mpu_dmp_rotation.o(.data)
    dpm_yaw_offset                           0x200000c8   Data           4  mpu_dmp_rotation.o(.data)
    __stdout                                 0x20000104   Data           4  stdout.o(.data)
    mpu                                      0x2000010c   Data          28  head.o(.bss)
    mpu_rotation                             0x20000128   Data          12  head.o(.bss)
    OLED_GRAM                                0x20000134   Data        1024  oled_sh1106.o(.bss)
    PID_Struct_degree                        0x20000534   Data          28  pid.o(.bss)
    PID_Struct_motor                         0x20000550   Data          28  pid.o(.bss)
    __initial_sp                             0x20000980   Data           0  startup_stm32f10x_md.o(STACK)



==============================================================================

Memory Map of the image

  Image Entry point : 0x080000ed

  Load Region LR_IROM1 (Base: 0x08000000, Size: 0x00008344, Max: 0x00010000, ABSOLUTE)

    Execution Region ER_IROM1 (Base: 0x08000000, Size: 0x00008238, Max: 0x00010000, ABSOLUTE)

    Base Addr    Size         Type   Attr      Idx    E Section Name        Object

    0x08000000   0x000000ec   Data   RO         3122    RESET               startup_stm32f10x_md.o
    0x080000ec   0x00000000   Code   RO         6359  * .ARM.Collect$$$$00000000  mc_w.l(entry.o)
    0x080000ec   0x00000004   Code   RO         6702    .ARM.Collect$$$$00000001  mc_w.l(entry2.o)
    0x080000f0   0x00000004   Code   RO         6705    .ARM.Collect$$$$00000004  mc_w.l(entry5.o)
    0x080000f4   0x00000000   Code   RO         6707    .ARM.Collect$$$$00000008  mc_w.l(entry7b.o)
    0x080000f4   0x00000000   Code   RO         6709    .ARM.Collect$$$$0000000A  mc_w.l(entry8b.o)
    0x080000f4   0x00000008   Code   RO         6710    .ARM.Collect$$$$0000000B  mc_w.l(entry9a.o)
    0x080000fc   0x00000000   Code   RO         6712    .ARM.Collect$$$$0000000D  mc_w.l(entry10a.o)
    0x080000fc   0x00000000   Code   RO         6714    .ARM.Collect$$$$0000000F  mc_w.l(entry11a.o)
    0x080000fc   0x00000004   Code   RO         6703    .ARM.Collect$$$$00002712  mc_w.l(entry2.o)
    0x08000100   0x00000024   Code   RO         3123    .text               startup_stm32f10x_md.o
    0x08000124   0x00000020   Code   RO         6364    .text               mc_w.l(llushr.o)
    0x08000144   0x00000024   Code   RO         6366    .text               mc_w.l(llsshr.o)
    0x08000168   0x00000024   Code   RO         6372    .text               mc_w.l(memseta.o)
    0x0800018c   0x0000001a   Code   RO         6374    .text               mc_w.l(memcmp.o)
    0x080001a6   0x000000b0   Code   RO         6641    .text               mf_w.l(fadd.o)
    0x08000256   0x00000064   Code   RO         6643    .text               mf_w.l(fmul.o)
    0x080002ba   0x0000007c   Code   RO         6645    .text               mf_w.l(fdiv.o)
    0x08000336   0x0000014e   Code   RO         6647    .text               mf_w.l(dadd.o)
    0x08000484   0x000000e4   Code   RO         6649    .text               mf_w.l(dmul.o)
    0x08000568   0x000000de   Code   RO         6651    .text               mf_w.l(ddiv.o)
    0x08000646   0x00000012   Code   RO         6653    .text               mf_w.l(fflti.o)
    0x08000658   0x0000000a   Code   RO         6655    .text               mf_w.l(ffltui.o)
    0x08000662   0x00000022   Code   RO         6657    .text               mf_w.l(dflti.o)
    0x08000684   0x00000028   Code   RO         6661    .text               mf_w.l(ffixui.o)
    0x080006ac   0x00000026   Code   RO         6665    .text               mf_w.l(f2d.o)
    0x080006d2   0x00000002   PAD
    0x080006d4   0x00000028   Code   RO         6669    .text               mf_w.l(cdrcmple.o)
    0x080006fc   0x00000038   Code   RO         6671    .text               mf_w.l(d2f.o)
    0x08000734   0x00000014   Code   RO         6673    .text               mf_w.l(cfcmple.o)
    0x08000748   0x00000014   Code   RO         6675    .text               mf_w.l(cfrcmple.o)
    0x0800075c   0x0000002c   Code   RO         6717    .text               mc_w.l(uidiv.o)
    0x08000788   0x00000062   Code   RO         6719    .text               mc_w.l(uldiv.o)
    0x080007ea   0x0000001e   Code   RO         6721    .text               mc_w.l(llshl.o)
    0x08000808   0x00000000   Code   RO         6730    .text               mc_w.l(iusefp.o)
    0x08000808   0x0000006e   Code   RO         6731    .text               mf_w.l(fepilogue.o)
    0x08000876   0x000000b6   Code   RO         6737    .text               mf_w.l(depilogue.o)
    0x0800092c   0x0000002e   Code   RO         6739    .text               mf_w.l(dscalb.o)
    0x0800095a   0x000000a2   Code   RO         6741    .text               mf_w.l(dsqrt.o)
    0x080009fc   0x00000030   Code   RO         6743    .text               mf_w.l(dfixul.o)
    0x08000a2c   0x00000024   Code   RO         6745    .text               mc_w.l(init.o)
    0x08000a50   0x00000004   Code   RO         4227    i.BusFault_Handler  stm32f10x_it.o
    0x08000a54   0x0000008e   Code   RO         3368    i.DEBUG_OLED        head.o
    0x08000ae2   0x00000002   PAD
    0x08000ae4   0x00000020   Code   RO         3369    i.DEBUG_UART        head.o
    0x08000b04   0x00000002   Code   RO         4228    i.DebugMon_Handler  stm32f10x_it.o
    0x08000b06   0x00000116   Code   RO         1304    i.GPIO_Init         stm32f10x_gpio.o
    0x08000c1c   0x00000090   Code   RO         1306    i.GPIO_PinRemapConfig  stm32f10x_gpio.o
    0x08000cac   0x00000012   Code   RO         1308    i.GPIO_ReadInputDataBit  stm32f10x_gpio.o
    0x08000cbe   0x00000004   Code   RO         1311    i.GPIO_ResetBits    stm32f10x_gpio.o
    0x08000cc2   0x00000004   Code   RO         1312    i.GPIO_SetBits      stm32f10x_gpio.o
    0x08000cc6   0x00000004   Code   RO         4229    i.HardFault_Handler  stm32f10x_it.o
    0x08000cca   0x00000002   PAD
    0x08000ccc   0x00000064   Code   RO         3815    i.Holy_fuck         pid.o
    0x08000d30   0x00000038   Code   RO         3980    i.I2C_MPU_Ack       i2c.o
    0x08000d68   0x00000038   Code   RO         3981    i.I2C_MPU_NoAck     i2c.o
    0x08000da0   0x00000050   Code   RO         3982    i.I2C_MPU_Receive_Data  i2c.o
    0x08000df0   0x00000054   Code   RO         3983    i.I2C_MPU_Send_Data  i2c.o
    0x08000e44   0x00000016   Code   RO         3984    i.I2C_MPU_Software_WaitAck  i2c.o
    0x08000e5a   0x00000002   PAD
    0x08000e5c   0x0000003c   Code   RO         3985    i.I2C_MPU_Start     i2c.o
    0x08000e98   0x00000038   Code   RO         3986    i.I2C_MPU_Stop      i2c.o
    0x08000ed0   0x00000050   Code   RO         3987    i.I2C_MPU_Wait_Ack  i2c.o
    0x08000f20   0x0000007c   Code   RO         3988    i.I2C_ReadBytes_MPU  i2c.o
    0x08000f9c   0x0000005e   Code   RO         3989    i.I2C_Read_MPU      i2c.o
    0x08000ffa   0x00000002   PAD
    0x08000ffc   0x00000038   Code   RO         3990    i.I2C_SCL_MPU_Init  i2c.o
    0x08001034   0x00000058   Code   RO         3991    i.I2C_SDA_MPU_Init  i2c.o
    0x0800108c   0x00000014   Code   RO         3992    i.I2C_Software_MPU_init  i2c.o
    0x080010a0   0x0000006a   Code   RO         3993    i.I2C_WriteBytes_MPU  i2c.o
    0x0800110a   0x00000050   Code   RO         3994    i.I2C_Write_MPU     i2c.o
    0x0800115a   0x00000002   PAD
    0x0800115c   0x00000038   Code   RO         3413    i.Led_Init          led.o
    0x08001194   0x00000012   Code   RO         4088    i.MPU_DMP_get_data  mpu_dmp_rotation.o
    0x080011a6   0x00000002   PAD
    0x080011a8   0x0000008c   Code   RO         4089    i.MPU_DMP_init      mpu_dmp_rotation.o
    0x08001234   0x00000054   Code   RO         3518    i.MPU_Get_Self_Address  mpu6050.o
    0x08001288   0x00000158   Code   RO         3520    i.MPU_Init          mpu6050.o
    0x080013e0   0x00000004   Code   RO         4230    i.MemManage_Handler  stm32f10x_it.o
    0x080013e4   0x0000000a   Code   RO         3160    i.Motor_Init        encodermotor.o
    0x080013ee   0x00000002   PAD
    0x080013f0   0x0000004c   Code   RO         3161    i.Motor_PWM_Map_L   encodermotor.o
    0x0800143c   0x0000004c   Code   RO         3162    i.Motor_PWM_Map_R   encodermotor.o
    0x08001488   0x0000004c   Code   RO         3164    i.Motor_ReadEncoder  encodermotor.o
    0x080014d4   0x0000000c   Code   RO         3165    i.Motor_Set_DIR     encodermotor.o
    0x080014e0   0x0000015c   Code   RO         3166    i.Motor_Set_PWM     encodermotor.o
    0x0800163c   0x00000002   Code   RO         4231    i.NMI_Handler       stm32f10x_it.o
    0x0800163e   0x00000002   PAD
    0x08001640   0x00000070   Code   RO          130    i.NVIC_Init         misc.o
    0x080016b0   0x00000014   Code   RO          131    i.NVIC_PriorityGroupConfig  misc.o
    0x080016c4   0x00000014   Code   RO          132    i.NVIC_SetVectorTable  misc.o
    0x080016d8   0x00000024   Code   RO         3610    i.OLED_CSS          oled_sh1106.o
    0x080016fc   0x0000000c   Code   RO         3611    i.OLED_ClearDisplay  oled_sh1106.o
    0x08001708   0x00000048   Code   RO         3612    i.OLED_Cursor_Operation  oled_sh1106.o
    0x08001750   0x00000020   Code   RO         3613    i.OLED_DC           oled_sh1106.o
    0x08001770   0x00000016   Code   RO         3614    i.OLED_Display_Off  oled_sh1106.o
    0x08001786   0x00000016   Code   RO         3615    i.OLED_Display_On   oled_sh1106.o
    0x0800179c   0x00000060   Code   RO         3617    i.OLED_GPIO_Init    oled_sh1106.o
    0x080017fc   0x00000030   Code   RO         3618    i.OLED_GRAM_Clear   oled_sh1106.o
    0x0800182c   0x00000044   Code   RO         3619    i.OLED_GRAM_Push    oled_sh1106.o
    0x08001870   0x0000001e   Code   RO         3620    i.OLED_Init         oled_sh1106.o
    0x0800188e   0x00000002   PAD
    0x08001890   0x00000118   Code   RO         3622    i.OLED_Print_Letter_Caps  oled_sh1106.o
    0x080019a8   0x00000118   Code   RO         3623    i.OLED_Print_Letter_noCaps  oled_sh1106.o
    0x08001ac0   0x00000118   Code   RO         3624    i.OLED_Print_Number  oled_sh1106.o
    0x08001bd8   0x00000118   Code   RO         3625    i.OLED_Print_Symbol1  oled_sh1106.o
    0x08001cf0   0x00000118   Code   RO         3626    i.OLED_Print_Symbol2  oled_sh1106.o
    0x08001e08   0x00000118   Code   RO         3627    i.OLED_Print_Symbol3  oled_sh1106.o
    0x08001f20   0x00000118   Code   RO         3628    i.OLED_Print_Symbol4  oled_sh1106.o
    0x08002038   0x00000024   Code   RO         3629    i.OLED_RES          oled_sh1106.o
    0x0800205c   0x000000b2   Code   RO         3630    i.OLED_Reset        oled_sh1106.o
    0x0800210e   0x00000002   PAD
    0x08002110   0x00000020   Code   RO         3631    i.OLED_SCLK         oled_sh1106.o
    0x08002130   0x00000020   Code   RO         3632    i.OLED_SDAT         oled_sh1106.o
    0x08002150   0x00000036   Code   RO         3633    i.OLED_Write_Cmd    oled_sh1106.o
    0x08002186   0x00000036   Code   RO         3634    i.OLED_Write_Data   oled_sh1106.o
    0x080021bc   0x00000058   Code   RO         3635    i.OLED_drawPixel    oled_sh1106.o
    0x08002214   0x000000ac   Code   RO         3636    i.OLED_error        oled_sh1106.o
    0x080022c0   0x00000048   Code   RO         3637    i.OLED_newLine      oled_sh1106.o
    0x08002308   0x00000014   Code   RO         3638    i.OLED_resetCursor  oled_sh1106.o
    0x0800231c   0x0000002c   Code   RO         3640    i.OLED_setFont      oled_sh1106.o
    0x08002348   0x00000040   Code   RO         3641    i.OLED_space        oled_sh1106.o
    0x08002388   0x00000010   Code   RO         3816    i.PID_Clear         pid.o
    0x08002398   0x00000094   Code   RO         3817    i.PID_Control_Degree  pid.o
    0x0800242c   0x00000110   Code   RO         3818    i.PID_Control_Motor  pid.o
    0x0800253c   0x00000068   Code   RO         3819    i.PID_Control_Orientation  pid.o
    0x080025a4   0x0000005c   Code   RO         3820    i.PID_Generate_PWM  pid.o
    0x08002600   0x0000000c   Code   RO         1666    i.PWR_WakeUpPinCmd  stm32f10x_pwr.o
    0x0800260c   0x00000002   Code   RO         4232    i.PendSV_Handler    stm32f10x_it.o
    0x0800260e   0x00000002   PAD
    0x08002610   0x00000020   Code   RO         1720    i.RCC_APB1PeriphClockCmd  stm32f10x_rcc.o
    0x08002630   0x00000020   Code   RO         1722    i.RCC_APB2PeriphClockCmd  stm32f10x_rcc.o
    0x08002650   0x000000d4   Code   RO         1730    i.RCC_GetClocksFreq  stm32f10x_rcc.o
    0x08002724   0x00000002   Code   RO         4233    i.SVC_Handler       stm32f10x_it.o
    0x08002726   0x0000001a   Code   RO         3995    i.Sensors_I2C_Read  i2c.o
    0x08002740   0x0000001a   Code   RO         3996    i.Sensors_I2C_Write  i2c.o
    0x0800275a   0x00000008   Code   RO           17    i.SetSysClock       system_stm32f10x.o
    0x08002762   0x00000002   PAD
    0x08002764   0x000000e0   Code   RO           18    i.SetSysClockTo72   system_stm32f10x.o
    0x08002844   0x0000006c   Code   RO         4234    i.SysTick_Handler   stm32f10x_it.o
    0x080028b0   0x00000068   Code   RO         3874    i.SysTick_Init      timer.o
    0x08002918   0x00000030   Code   RO         3370    i.Sys_Reset         head.o
    0x08002948   0x00000060   Code   RO           20    i.SystemInit        system_stm32f10x.o
    0x080029a8   0x00000080   Code   RO         2338    i.TI1_Config        stm32f10x_tim.o
    0x08002a28   0x00000098   Code   RO         2339    i.TI2_Config        stm32f10x_tim.o
    0x08002ac0   0x00000090   Code   RO         2340    i.TI3_Config        stm32f10x_tim.o
    0x08002b50   0x00000098   Code   RO         2341    i.TI4_Config        stm32f10x_tim.o
    0x08002be8   0x00000020   Code   RO         3875    i.TIM1_UP_IRQHandler  timer.o
    0x08002c08   0x00000018   Code   RO         3876    i.TIM2_IRQHandler   timer.o
    0x08002c20   0x0000001c   Code   RO         3877    i.TIM4_IRQHandler   timer.o
    0x08002c3c   0x00000018   Code   RO         2342    i.TIM_ARRPreloadConfig  stm32f10x_tim.o
    0x08002c54   0x00000006   Code   RO         2348    i.TIM_ClearFlag     stm32f10x_tim.o
    0x08002c5a   0x00000006   Code   RO         2349    i.TIM_ClearITPendingBit  stm32f10x_tim.o
    0x08002c60   0x00000018   Code   RO         2354    i.TIM_Cmd           stm32f10x_tim.o
    0x08002c78   0x00000042   Code   RO         2363    i.TIM_EncoderInterfaceConfig  stm32f10x_tim.o
    0x08002cba   0x00000006   Code   RO         2373    i.TIM_GetCounter    stm32f10x_tim.o
    0x08002cc0   0x00000022   Code   RO         2375    i.TIM_GetITStatus   stm32f10x_tim.o
    0x08002ce2   0x00000002   PAD
    0x08002ce4   0x000000ac   Code   RO         2377    i.TIM_ICInit        stm32f10x_tim.o
    0x08002d90   0x00000012   Code   RO         2378    i.TIM_ICStructInit  stm32f10x_tim.o
    0x08002da2   0x00000012   Code   RO         2379    i.TIM_ITConfig      stm32f10x_tim.o
    0x08002db4   0x00000098   Code   RO         2383    i.TIM_OC1Init       stm32f10x_tim.o
    0x08002e4c   0x00000012   Code   RO         2386    i.TIM_OC1PreloadConfig  stm32f10x_tim.o
    0x08002e5e   0x00000002   PAD
    0x08002e60   0x000000a4   Code   RO         2388    i.TIM_OC2Init       stm32f10x_tim.o
    0x08002f04   0x0000001a   Code   RO         2391    i.TIM_OC2PreloadConfig  stm32f10x_tim.o
    0x08002f1e   0x00000002   PAD
    0x08002f20   0x000000a0   Code   RO         2393    i.TIM_OC3Init       stm32f10x_tim.o
    0x08002fc0   0x00000012   Code   RO         2396    i.TIM_OC3PreloadConfig  stm32f10x_tim.o
    0x08002fd2   0x00000002   PAD
    0x08002fd4   0x0000007c   Code   RO         2398    i.TIM_OC4Init       stm32f10x_tim.o
    0x08003050   0x0000001a   Code   RO         2400    i.TIM_OC4PreloadConfig  stm32f10x_tim.o
    0x0800306a   0x00000004   Code   RO         2415    i.TIM_SetCompare1   stm32f10x_tim.o
    0x0800306e   0x00000004   Code   RO         2416    i.TIM_SetCompare2   stm32f10x_tim.o
    0x08003072   0x00000004   Code   RO         2417    i.TIM_SetCompare3   stm32f10x_tim.o
    0x08003076   0x00000006   Code   RO         2418    i.TIM_SetCompare4   stm32f10x_tim.o
    0x0800307c   0x00000004   Code   RO         2419    i.TIM_SetCounter    stm32f10x_tim.o
    0x08003080   0x00000012   Code   RO         2420    i.TIM_SetIC1Prescaler  stm32f10x_tim.o
    0x08003092   0x0000001a   Code   RO         2421    i.TIM_SetIC2Prescaler  stm32f10x_tim.o
    0x080030ac   0x00000012   Code   RO         2422    i.TIM_SetIC3Prescaler  stm32f10x_tim.o
    0x080030be   0x0000001a   Code   RO         2423    i.TIM_SetIC4Prescaler  stm32f10x_tim.o
    0x080030d8   0x000000a4   Code   RO         2425    i.TIM_TimeBaseInit  stm32f10x_tim.o
    0x0800317c   0x00000012   Code   RO         2426    i.TIM_TimeBaseStructInit  stm32f10x_tim.o
    0x0800318e   0x00000002   PAD
    0x08003190   0x00000060   Code   RO         3878    i.Timer1_Init       timer.o
    0x080031f0   0x000000a0   Code   RO         3879    i.Timer2_Init_EncoderA  timer.o
    0x08003290   0x000000d0   Code   RO         3880    i.Timer3_Init_PWM   timer.o
    0x08003360   0x0000009c   Code   RO         3881    i.Timer4_Init_EncoderB  timer.o
    0x080033fc   0x0000000c   Code   RO         3882    i.Timer_getSystemTick  timer.o
    0x08003408   0x00000024   Code   RO         3950    i.USART1_IRQHandler  uart.o
    0x0800342c   0x00000018   Code   RO         2890    i.USART_Cmd         stm32f10x_usart.o
    0x08003444   0x0000001a   Code   RO         2893    i.USART_GetFlagStatus  stm32f10x_usart.o
    0x0800345e   0x00000054   Code   RO         2894    i.USART_GetITStatus  stm32f10x_usart.o
    0x080034b2   0x0000004a   Code   RO         2896    i.USART_ITConfig    stm32f10x_usart.o
    0x080034fc   0x000000d8   Code   RO         2897    i.USART_Init        stm32f10x_usart.o
    0x080035d4   0x0000000a   Code   RO         2904    i.USART_ReceiveData  stm32f10x_usart.o
    0x080035de   0x00000008   Code   RO         2907    i.USART_SendData    stm32f10x_usart.o
    0x080035e6   0x00000002   PAD
    0x080035e8   0x000000d0   Code   RO         3951    i.Uart1_init        uart.o
    0x080036b8   0x00000004   Code   RO         4235    i.UsageFault_Handler  stm32f10x_it.o
    0x080036bc   0x00000020   Code   RO         6613    i.__0printf         mc_w.l(printfa.o)
    0x080036dc   0x00000028   Code   RO         6682    i.__ARM_fpclassify  m_ws.l(fpclassify.o)
    0x08003704   0x000000aa   Code   RO         6688    i.__kernel_poly     m_ws.l(poly.o)
    0x080037ae   0x00000002   PAD
    0x080037b0   0x00000010   Code   RO         6680    i.__mathlib_dbl_underflow  m_ws.l(dunder.o)
    0x080037c0   0x0000000e   Code   RO         6751    i.__scatterload_copy  mc_w.l(handlers.o)
    0x080037ce   0x00000002   Code   RO         6752    i.__scatterload_null  mc_w.l(handlers.o)
    0x080037d0   0x0000000e   Code   RO         6753    i.__scatterload_zeroinit  mc_w.l(handlers.o)
    0x080037de   0x00000002   PAD
    0x080037e0   0x0000000c   Code   RO         6725    i.__set_errno       mc_w.l(errno.o)
    0x080037ec   0x00000164   Code   RO         6620    i._fp_digits        mc_w.l(printfa.o)
    0x08003950   0x000006dc   Code   RO         6621    i._printf_core      mc_w.l(printfa.o)
    0x0800402c   0x00000024   Code   RO         6622    i._printf_post_padding  mc_w.l(printfa.o)
    0x08004050   0x0000002e   Code   RO         6623    i._printf_pre_padding  mc_w.l(printfa.o)
    0x0800407e   0x00000002   PAD
    0x08004080   0x00000058   Code   RO         3440    i.arcsin_safe       mpu_rotation.o
    0x080040d8   0x0000027c   Code   RO         6256    i.asin              m_ws.l(asin.o)
    0x08004354   0x00000224   Code   RO         6274    i.atan              m_ws.l(atan.o)
    0x08004578   0x00000180   Code   RO         6284    i.atan2             m_ws.l(atan2.o)
    0x080046f8   0x00000034   Code   RO         3414    i.blink             led.o
    0x0800472c   0x00000064   Code   RO         4645    i.decode_gesture    inv_mpu_dmp_motion_driver.o
    0x08004790   0x00000016   Code   RO         3127    i.delay             delay.o
    0x080047a6   0x00000092   Code   RO         3128    i.delay_1us         delay.o
    0x08004838   0x00000010   Code   RO         3129    i.delay_i2c         delay.o
    0x08004848   0x0000003c   Code   RO         4646    i.dmp_enable_6x_lp_quat  inv_mpu_dmp_motion_driver.o
    0x08004884   0x0000021c   Code   RO         4647    i.dmp_enable_feature  inv_mpu_dmp_motion_driver.o
    0x08004aa0   0x00000058   Code   RO         4648    i.dmp_enable_gyro_cal  inv_mpu_dmp_motion_driver.o
    0x08004af8   0x0000003c   Code   RO         4649    i.dmp_enable_lp_quat  inv_mpu_dmp_motion_driver.o
    0x08004b34   0x000002e0   Code   RO         4090    i.dmp_get_data      mpu_dmp_rotation.o
    0x08004e14   0x00000018   Code   RO         4654    i.dmp_load_motion_driver_firmware  inv_mpu_dmp_motion_driver.o
    0x08004e2c   0x000001cc   Code   RO         4655    i.dmp_read_fifo     inv_mpu_dmp_motion_driver.o
    0x08004ff8   0x00000070   Code   RO         4659    i.dmp_set_fifo_rate  inv_mpu_dmp_motion_driver.o
    0x08005068   0x00000138   Code   RO         4662    i.dmp_set_orientation  inv_mpu_dmp_motion_driver.o
    0x080051a0   0x00000038   Code   RO         4665    i.dmp_set_shake_reject_thresh  inv_mpu_dmp_motion_driver.o
    0x080051d8   0x00000026   Code   RO         4666    i.dmp_set_shake_reject_time  inv_mpu_dmp_motion_driver.o
    0x080051fe   0x00000026   Code   RO         4667    i.dmp_set_shake_reject_timeout  inv_mpu_dmp_motion_driver.o
    0x08005224   0x00000046   Code   RO         4668    i.dmp_set_tap_axes  inv_mpu_dmp_motion_driver.o
    0x0800526a   0x00000026   Code   RO         4669    i.dmp_set_tap_count  inv_mpu_dmp_motion_driver.o
    0x08005290   0x000001a0   Code   RO         4670    i.dmp_set_tap_thresh  inv_mpu_dmp_motion_driver.o
    0x08005430   0x00000026   Code   RO         4671    i.dmp_set_tap_time  inv_mpu_dmp_motion_driver.o
    0x08005456   0x00000026   Code   RO         4672    i.dmp_set_tap_time_multi  inv_mpu_dmp_motion_driver.o
    0x0800547c   0x00000038   Code   RO         3371    i.fputc             head.o
    0x080054b4   0x0000000c   Code   RO         3883    i.get_tick          timer.o
    0x080054c0   0x00000028   Code   RO         5555    i.inv_orientation_matrix_to_scalar  ml_math_func.o
    0x080054e8   0x0000004e   Code   RO         5574    i.inv_row_2_scale   ml_math_func.o
    0x08005536   0x00000002   PAD
    0x08005538   0x000000a8   Code   RO         4149    i.main              main.o
    0x080055e0   0x0000000c   Code   RO         3130    i.mdelay            delay.o
    0x080055ec   0x00000070   Code   RO         4296    i.mpu_configure_fifo  inv_mpu.o
    0x0800565c   0x0000004c   Code   RO         4297    i.mpu_get_accel_fsr  inv_mpu.o
    0x080056a8   0x000000fc   Code   RO         4313    i.mpu_init          inv_mpu.o
    0x080057a4   0x000000b8   Code   RO         4314    i.mpu_load_firmware  inv_mpu.o
    0x0800585c   0x000000e0   Code   RO         4315    i.mpu_lp_accel_mode  inv_mpu.o
    0x0800593c   0x000000c0   Code   RO         4321    i.mpu_read_fifo_stream  inv_mpu.o
    0x080059fc   0x00000080   Code   RO         4322    i.mpu_read_mem      inv_mpu.o
    0x08005a7c   0x000001c8   Code   RO         4325    i.mpu_reset_fifo    inv_mpu.o
    0x08005c44   0x00000084   Code   RO         4329    i.mpu_set_accel_fsr  inv_mpu.o
    0x08005cc8   0x0000014c   Code   RO         4330    i.mpu_set_bypass    inv_mpu.o
    0x08005e14   0x00000090   Code   RO         4332    i.mpu_set_dmp_state  inv_mpu.o
    0x08005ea4   0x00000088   Code   RO         4334    i.mpu_set_gyro_fsr  inv_mpu.o
    0x08005f2c   0x0000006c   Code   RO         4335    i.mpu_set_int_latched  inv_mpu.o
    0x08005f98   0x00000084   Code   RO         4337    i.mpu_set_lpf       inv_mpu.o
    0x0800601c   0x0000009c   Code   RO         4338    i.mpu_set_sample_rate  inv_mpu.o
    0x080060b8   0x000000d0   Code   RO         4339    i.mpu_set_sensors   inv_mpu.o
    0x08006188   0x00000080   Code   RO         4340    i.mpu_write_mem     inv_mpu.o
    0x08006208   0x000002f4   Code   RO         4150    i.program_Init      main.o
    0x080064fc   0x00000090   Code   RO         4341    i.set_int_enable    inv_mpu.o
    0x0800658c   0x0000004c   Code   RO         6344    i.sqrt              m_ws.l(sqrt.o)
    0x080065d8   0x00000f00   Data   RO         3598    .constdata          oled_font.o
    0x080074d8   0x00000054   Data   RO         4342    .constdata          inv_mpu.o
    0x0800752c   0x00000bf6   Data   RO         4674    .constdata          inv_mpu_dmp_motion_driver.o
    0x08008122   0x00000006   PAD
    0x08008128   0x00000050   Data   RO         6257    .constdata          m_ws.l(asin.o)
    0x08008178   0x00000098   Data   RO         6275    .constdata          m_ws.l(atan.o)
    0x08008210   0x00000008   Data   RO         6690    .constdata          m_ws.l(qnan.o)
    0x08008218   0x00000020   Data   RO         6749    Region$$Table       anon$$obj.o


    Execution Region RW_IRAM1 (Base: 0x20000000, Size: 0x00000980, Max: 0x00005000, ABSOLUTE)

    Base Addr    Size         Type   Attr      Idx    E Section Name        Object

    0x20000000   0x00000014   Data   RW           21    .data               system_stm32f10x.o
    0x20000014   0x00000014   Data   RW         1750    .data               stm32f10x_rcc.o
    0x20000028   0x00000020   Data   RW         3167    .data               encodermotor.o
    0x20000048   0x00000004   Data   RW         3373    .data               head.o
    0x2000004c   0x0000001c   Data   RW         3524    .data               mpu6050.o
    0x20000068   0x00000010   Data   RW         3643    .data               oled_sh1106.o
    0x20000078   0x00000028   Data   RW         3823    .data               pid.o
    0x200000a0   0x00000014   Data   RW         3884    .data               timer.o
    0x200000b4   0x00000018   Data   RW         4092    .data               mpu_dmp_rotation.o
    0x200000cc   0x00000038   Data   RW         4343    .data               inv_mpu.o
    0x20000104   0x00000004   Data   RW         6716    .data               mc_w.l(stdout.o)
    0x20000108   0x00000004   Data   RW         6726    .data               mc_w.l(errno.o)
    0x2000010c   0x00000028   Zero   RW         3372    .bss                head.o
    0x20000134   0x00000400   Zero   RW         3642    .bss                oled_sh1106.o
    0x20000534   0x00000038   Zero   RW         3822    .bss                pid.o
    0x2000056c   0x00000010   Zero   RW         4673    .bss                inv_mpu_dmp_motion_driver.o
    0x2000057c   0x00000004   PAD
    0x20000580   0x00000400   Zero   RW         3120    STACK               startup_stm32f10x_md.o


==============================================================================

Image component sizes


      Code (inc. data)   RO Data    RW Data    ZI Data      Debug   Object Name

         0          0          0          0          0       4336   core_cm3.o
       196          0          0          0          0       2045   delay.o
       598         48          0         32          0       7472   encodermotor.o
       278         18          0          4         40      20337   head.o
      1114         42          0          0          0       9815   i2c.o
      3244         96         84         56          0      19569   inv_mpu.o
      2488        108       3062          0         16      18913   inv_mpu_dmp_motion_driver.o
       108         10          0          0          0       1007   led.o
       924        368          0          0          0       1198   main.o
       152         30          0          0          0     206841   misc.o
       118          0          0          0          0       1247   ml_math_func.o
       428        122          0         28          0       1779   mpu6050.o
       894         32          0         24          0       3023   mpu_dmp_rotation.o
        88         12          0          0          0       5181   mpu_rotation.o
         0          0       3840          0          0       1752   oled_font.o
      3244        280          0         16       1024      18345   oled_sh1106.o
       732        142          0         40         56       4910   pid.o
        36          8        236          0       1024        792   startup_stm32f10x_md.o
       448          6          0          0          0       4210   stm32f10x_gpio.o
       132         24          0          0          0       3742   stm32f10x_it.o
        12          6          0          0          0        467   stm32f10x_pwr.o
       276         32          0         20          0       4246   stm32f10x_rcc.o
      1930        200          0          0          0      19325   stm32f10x_tim.o
       442          6          0          0          0       5773   stm32f10x_usart.o
       328         28          0         20          0      45409   system_stm32f10x.o
       832         58          0         20          0      20992   timer.o
       244         14          0          0          0       1201   uart.o

    ----------------------------------------------------------------------
     19324       1690       7260        260       2164     433927   Object Totals
         0          0         32          0          0          0   (incl. Generated)
        38          0          6          0          4          0   (incl. Padding)

    ----------------------------------------------------------------------

      Code (inc. data)   RO Data    RW Data    ZI Data      Debug   Library Member Name

       636         52         80          0          0        168   asin.o
       548         70        152          0          0        124   atan.o
       384         38          0          0          0        144   atan2.o
        16          6          0          0          0         68   dunder.o
        40          0          0          0          0         68   fpclassify.o
       170          0          0          0          0         96   poly.o
         0          0          8          0          0          0   qnan.o
        76          0          0          0          0         84   sqrt.o
         0          0          0          0          0          0   entry.o
         0          0          0          0          0          0   entry10a.o
         0          0          0          0          0          0   entry11a.o
         8          4          0          0          0          0   entry2.o
         4          0          0          0          0          0   entry5.o
         0          0          0          0          0          0   entry7b.o
         0          0          0          0          0          0   entry8b.o
         8          4          0          0          0          0   entry9a.o
        12          6          0          4          0         68   errno.o
        30          0          0          0          0          0   handlers.o
        36          8          0          0          0         68   init.o
         0          0          0          0          0          0   iusefp.o
        30          0          0          0          0         68   llshl.o
        36          0          0          0          0         68   llsshr.o
        32          0          0          0          0         68   llushr.o
        26          0          0          0          0         80   memcmp.o
        36          0          0          0          0        108   memseta.o
      2226         90          0          0          0        444   printfa.o
         0          0          0          4          0          0   stdout.o
        44          0          0          0          0         80   uidiv.o
        98          0          0          0          0         92   uldiv.o
        40          2          0          0          0         68   cdrcmple.o
        20          0          0          0          0         68   cfcmple.o
        20          0          0          0          0         68   cfrcmple.o
        56          0          0          0          0         88   d2f.o
       334          0          0          0          0        148   dadd.o
       222          0          0          0          0        100   ddiv.o
       182          0          0          0          0        176   depilogue.o
        48          0          0          0          0         68   dfixul.o
        34          0          0          0          0         76   dflti.o
       228          0          0          0          0         96   dmul.o
        46          0          0          0          0         80   dscalb.o
       162          0          0          0          0        100   dsqrt.o
        38          0          0          0          0         68   f2d.o
       176          0          0          0          0        140   fadd.o
       124          0          0          0          0         88   fdiv.o
       110          0          0          0          0        168   fepilogue.o
        40          0          0          0          0         68   ffixui.o
        18          0          0          0          0         68   fflti.o
        10          0          0          0          0         68   ffltui.o
       100          0          0          0          0         76   fmul.o

    ----------------------------------------------------------------------
      6512        280        240          8          0       3776   Library Totals
         8          0          0          0          0          0   (incl. Padding)

    ----------------------------------------------------------------------

      Code (inc. data)   RO Data    RW Data    ZI Data      Debug   Library Name

      1870        166        240          0          0        752   m_ws.l
      2626        112          0          8          0       1144   mc_w.l
      2008          2          0          0          0       1880   mf_w.l

    ----------------------------------------------------------------------
      6512        280        240          8          0       3776   Library Totals

    ----------------------------------------------------------------------

==============================================================================


      Code (inc. data)   RO Data    RW Data    ZI Data      Debug   

     25836       1970       7500        268       2164     426207   Grand Totals
     25836       1970       7500        268       2164     426207   ELF Image Totals
     25836       1970       7500        268          0          0   ROM Totals

==============================================================================

    Total RO  Size (Code + RO Data)                33336 (  32.55kB)
    Total RW  Size (RW Data + ZI Data)              2432 (   2.38kB)
    Total ROM Size (Code + RO Data + RW Data)      33604 (  32.82kB)

==============================================================================

