<html>
<body>
<pre>
<h1>µVision Build Log</h1>
<h2>Tool Versions:</h2>
IDE-Version: ¦ÌVision V5.20.0.39
Copyright (C) 2016 ARM Ltd and ARM Germany GmbH. All rights reserved.
License Information: Dan Wong, uO, LIC=VGXG8-33FX7-HLHCL-0HIQ5-FB8KT-H8E3D
 
Tool Versions:
Toolchain:       MDK-ARM Plus  Version: 5.11.0.0
Toolchain Path:  D:\Applications\Keil Vision\ARM\ARMCC\Bin
C Compiler:      Armcc.exe V5.04 update 1 (build 49)
Assembler:       Armasm.exe V5.04 update 1 (build 49)
Linker/Locator:  ArmLink.exe V5.04 update 1 (build 49)
Library Manager: ArmAr.exe V5.04 update 1 (build 49)
Hex Converter:   FromElf.exe V5.04 update 1 (build 49)
CPU DLL:         SARMCM3.DLL V5.11.0.0
Dialog DLL:      DCM.DLL V1.11.0.0
Target DLL:      STLink\ST-LINKIII-KEIL_SWO.dll V2.0.6.0_KEIL
Dialog DLL:      TCM.DLL V1.14.1.0
 
<h2>Project:</h2>
D:\Files\KeilProject\pid_self_balancing_stm32f103c8\pid_self_balancing_stm32f103c8.uvprojx
Project File Date:  03/18/2023

<h2>Output:</h2>
*** Using Compiler 'V5.04 update 1 (build 49)', folder: 'D:\Applications\Keil Vision\ARM\ARMCC\Bin'
Rebuild target 'Target 1'
compiling stm32f10x_dbgmcu.c...
compiling stm32f10x_bkp.c...
compiling stm32f10x_adc.c...
compiling system_stm32f10x.c...
compiling stm32f10x_crc.c...
compiling stm32f10x_exti.c...
compiling stm32f10x_cec.c...
compiling stm32f10x_can.c...
compiling stm32f10x_dma.c...
compiling stm32f10x_flash.c...
compiling stm32f10x_dac.c...
compiling misc.c...
compiling core_cm3.c...
compiling stm32f10x_gpio.c...
compiling stm32f10x_fsmc.c...
compiling stm32f10x_i2c.c...
compiling stm32f10x_iwdg.c...
compiling stm32f10x_pwr.c...
assembling startup_stm32f10x_md.s...
compiling stm32f10x_sdio.c...
compiling stm32f10x_rtc.c...
compiling stm32f10x_rcc.c...
compiling stm32f10x_wwdg.c...
compiling stm32f10x_usart.c...
compiling Delay.c...
compiling stm32f10x_spi.c...
compiling OLED_Font.c...
compiling stm32f10x_tim.c...
compiling EncoderMotor.c...
compiling Head.c...
compiling MPU6050.c...
compiling Led.c...
compiling MPU_Rotation.c...
compiling Timer.c...
compiling eMPL_outputs.c...
compiling OLED_SH1106.c...
compiling I2c.c...
compiling UART.c...
compiling MPU_DMP_Rotation.c...
compiling stm32f10x_it.c...
compiling main.c...
compiling message_layer.c...
compiling PID.c...
compiling log_stm32.c...
compiling hal_outputs.c...
compiling ml_math_func.c...
compiling inv_mpu.c...
compiling data_builder.c...
compiling inv_mpu_dmp_motion_driver.c...
compiling mpl.c...
compiling mlmath.c...
compiling storage_manager.c...
compiling start_manager.c...
compiling results_holder.c...
linking...
Program Size: Code=25836 RO-data=7500 RW-data=268 ZI-data=2164  
FromELF: creating hex file...
".\Objects\pid_self_balancing_stm32f103c8.axf" - 0 Error(s), 0 Warning(s).

<h2>Collection of Component include folders:</h2>
  D:\Files\KeilProject\pid_self_balancing_stm32f103c8\RTE
  D:\Applications\Keil Vision\ARM\PACK\Keil\WCH32F1xx_DFP\1.0.1\Device\Include

<h2>Collection of Component Files used:</h2>
Build Time Elapsed:  00:00:03
</pre>
</body>
</html>
